##########################################
# (1) LINK INFORMATION                   #
##########################################
C:\Renesas\NC30WA\V540R00\bin\ln30.exe @E:\zla_git\zhongjie_si\zhongjie\v01\v01\Debug\v01.m16cl

# LINK FILE INFORMATION
ncrt0 (E:\zla_git\zhongjie_si\zhongjie\v01\v01\Debug\ncrt0.r30)
	Apr 22 20:54:58 2019

action (E:\zla_git\zhongjie_si\zhongjie\v01\v01\Debug\action.r30)
	Apr 22 20:54:07 2019

automatic_feeding (E:\zla_git\zhongjie_si\zhongjie\v01\v01\Debug\automatic_feeding.r30)
	Apr 22 20:54:10 2019

communication (E:\zla_git\zhongjie_si\zhongjie\v01\v01\Debug\communication.r30)
	Apr 22 20:54:13 2019

ctmotor (E:\zla_git\zhongjie_si\zhongjie\v01\v01\Debug\ctmotor.r30)
	Apr 22 20:54:15 2019

delay (E:\zla_git\zhongjie_si\zhongjie\v01\v01\Debug\delay.r30)
	Apr 22 20:54:17 2019

DS28E01-100 (E:\zla_git\zhongjie_si\zhongjie\v01\v01\Debug\DS28E01-100.r30)
	Apr 22 20:53:57 2019

easystep (E:\zla_git\zhongjie_si\zhongjie\v01\v01\Debug\easystep.r30)
	Apr 22 20:54:20 2019

iic_bus_eeprom (E:\zla_git\zhongjie_si\zhongjie\v01\v01\Debug\iic_bus_eeprom.r30)
	Apr 22 20:54:22 2019

initial (E:\zla_git\zhongjie_si\zhongjie\v01\v01\Debug\initial.r30)
	Apr 22 20:54:27 2019

inpress_follow_mainmotor (E:\zla_git\zhongjie_si\zhongjie\v01\v01\Debug\inpress_follow_mainmotor.r30)
	Apr 22 20:54:29 2019

M_debug (E:\zla_git\zhongjie_si\zhongjie\v01\v01\Debug\M_debug.r30)
	Apr 22 20:54:01 2019

main (E:\zla_git\zhongjie_si\zhongjie\v01\v01\Debug\main.r30)
	Apr 22 20:54:32 2019

motor (E:\zla_git\zhongjie_si\zhongjie\v01\v01\Debug\motor.r30)
	Apr 22 20:54:35 2019

motor_0830 (E:\zla_git\zhongjie_si\zhongjie\v01\v01\Debug\motor_0830.r30)
	Apr 22 20:54:37 2019

pattern_check (E:\zla_git\zhongjie_si\zhongjie\v01\v01\Debug\pattern_check.r30)
	Apr 22 20:54:39 2019

RC522 (E:\zla_git\zhongjie_si\zhongjie\v01\v01\Debug\RC522.r30)
	Apr 22 20:54:03 2019

servo_para (E:\zla_git\zhongjie_si\zhongjie\v01\v01\Debug\servo_para.r30)
	Apr 22 20:54:41 2019

solenoid (E:\zla_git\zhongjie_si\zhongjie\v01\v01\Debug\solenoid.r30)
	Apr 22 20:54:43 2019

step_motor_drv (E:\zla_git\zhongjie_si\zhongjie\v01\v01\Debug\step_motor_drv.r30)
	Apr 22 20:54:46 2019

system (E:\zla_git\zhongjie_si\zhongjie\v01\v01\Debug\system.r30)
	Apr 22 20:54:50 2019

uart1 (E:\zla_git\zhongjie_si\zhongjie\v01\v01\Debug\uart1.r30)
	Apr 22 20:54:53 2019

variables (E:\zla_git\zhongjie_si\zhongjie\v01\v01\Debug\variables.r30)
	Apr 22 20:54:55 2019

watch (E:\zla_git\zhongjie_si\zhongjie\v01\v01\Debug\watch.r30)
	Apr 22 20:54:57 2019

_f4add (C:\Renesas\NC30WA\V540R00\lib30\nc30lib.lib)
	Dec  8 19:42:55 2005

_f4div (C:\Renesas\NC30WA\V540R00\lib30\nc30lib.lib)
	Dec  8 19:42:55 2005

_f4le (C:\Renesas\NC30WA\V540R00\lib30\nc30lib.lib)
	Dec  8 19:42:56 2005

_f4mul (C:\Renesas\NC30WA\V540R00\lib30\nc30lib.lib)
	Dec  8 19:42:56 2005

_f4sub (C:\Renesas\NC30WA\V540R00\lib30\nc30lib.lib)
	Dec  8 19:42:57 2005

_f4tof8 (C:\Renesas\NC30WA\V540R00\lib30\nc30lib.lib)
	Dec  8 19:42:57 2005

_f4toi4u (C:\Renesas\NC30WA\V540R00\lib30\nc30lib.lib)
	Dec  8 19:42:57 2005

_f8add (C:\Renesas\NC30WA\V540R00\lib30\nc30lib.lib)
	Dec  8 19:42:58 2005

_f8div (C:\Renesas\NC30WA\V540R00\lib30\nc30lib.lib)
	Dec  8 19:42:58 2005

_f8lt (C:\Renesas\NC30WA\V540R00\lib30\nc30lib.lib)
	Dec  8 19:42:59 2005

_f8ltor (C:\Renesas\NC30WA\V540R00\lib30\nc30lib.lib)
	Dec  8 19:42:59 2005

_f8mul (C:\Renesas\NC30WA\V540R00\lib30\nc30lib.lib)
	Dec  8 19:42:59 2005

_f8tof4 (C:\Renesas\NC30WA\V540R00\lib30\nc30lib.lib)
	Dec  8 19:43:00 2005

_f8toi4u (C:\Renesas\NC30WA\V540R00\lib30\nc30lib.lib)
	Dec  8 19:43:00 2005

_ftol (C:\Renesas\NC30WA\V540R00\lib30\nc30lib.lib)
	Dec  8 19:43:00 2005

_i4div (C:\Renesas\NC30WA\V540R00\lib30\nc30lib.lib)
	Dec  8 19:43:01 2005

_i4divu (C:\Renesas\NC30WA\V540R00\lib30\nc30lib.lib)
	Dec  8 19:43:01 2005

_i4i2div (C:\Renesas\NC30WA\V540R00\lib30\nc30lib.lib)
	Dec  8 19:43:01 2005

_i4i2dvu (C:\Renesas\NC30WA\V540R00\lib30\nc30lib.lib)
	Dec  8 19:43:01 2005

_i4mulu (C:\Renesas\NC30WA\V540R00\lib30\nc30lib.lib)
	Dec  8 19:43:02 2005

_i4tof8 (C:\Renesas\NC30WA\V540R00\lib30\nc30lib.lib)
	Dec  8 19:43:02 2005

_i4utof4 (C:\Renesas\NC30WA\V540R00\lib30\nc30lib.lib)
	Dec  8 19:43:02 2005

_i4utof8 (C:\Renesas\NC30WA\V540R00\lib30\nc30lib.lib)
	Dec  8 19:43:02 2005

_ltof (C:\Renesas\NC30WA\V540R00\lib30\nc30lib.lib)
	Dec  8 19:43:04 2005

_mbase (C:\Renesas\NC30WA\V540R00\lib30\nc30lib.lib)
	Dec  8 19:43:04 2005

bcopy (C:\Renesas\NC30WA\V540R00\lib30\nc30lib.lib)
	Dec  8 19:43:07 2005

bzero (C:\Renesas\NC30WA\V540R00\lib30\nc30lib.lib)
	Dec  8 19:43:07 2005

mdata (C:\Renesas\NC30WA\V540R00\lib30\nc30lib.lib)
	Dec  8 19:43:18 2005

memcpy (C:\Renesas\NC30WA\V540R00\lib30\nc30lib.lib)
	Dec  8 19:43:19 2005

memset (C:\Renesas\NC30WA\V540R00\lib30\nc30lib.lib)
	Dec  8 19:43:20 2005

rand (C:\Renesas\NC30WA\V540R00\lib30\nc30lib.lib)
	Dec  8 19:43:31 2005

_f4ltor (C:\Renesas\NC30WA\V540R00\lib30\nc30lib.lib)
	Dec  8 19:42:56 2005

_f4rtol (C:\Renesas\NC30WA\V540R00\lib30\nc30lib.lib)
	Dec  8 19:42:57 2005

_f8rtol (C:\Renesas\NC30WA\V540R00\lib30\nc30lib.lib)
	Dec  8 19:42:59 2005


##########################################
# (2) SECTION INFORMATION                #
##########################################
# SECTION                        ATR TYPE    START  LENGTH ALIGN MODULENAME
data_SE                          ABS DATA    000400 000000       ncrt0
bss_SE                           REL DATA    000400 000000 2     ncrt0
data_SO                          REL DATA    000400 000000       ncrt0
bss_SO                           REL DATA    000400 000000       ncrt0
data_NE                          REL DATA    000400 000000 2     ncrt0
                                 REL DATA    000400 000148 2     DS28E01-100
                                 REL DATA    000548 000002 2     inpress_follow_mainmotor
                                 REL DATA    00054A 000014 2     motor
                                 REL DATA    00055E 00001A 2     RC522
                                 REL DATA    000578 000014 2     variables
                                 REL DATA    00058C 000002 2     watch
                                 REL DATA    00058E 000010 2     mdata
                                 REL DATA    00059E 000004 2     rand
bss_NE                           REL DATA    0005A2 000000 2     ncrt0
                                 REL DATA    0005A2 0000E2 2     communication
                                 REL DATA    000684 0001C4 2     DS28E01-100
                                 REL DATA    000848 00005C 2     motor
                                 REL DATA    0008A4 000014 2     RC522
                                 REL DATA    0008B8 000030 2     step_motor_drv
                                 REL DATA    0008E8 000040 2     uart1
                                 REL DATA    000928 006416 2     variables
                                 REL DATA    006D3E 0000FC 2     watch
                                 REL DATA    006E3A 000004 2     _mbase
                                 REL DATA    006E3E 000008 2     mdata
data_NO                          REL DATA    006E46 000000       ncrt0
                                 REL DATA    006E46 000002       action
                                 REL DATA    006E48 000001       communication
                                 REL DATA    006E49 000002       inpress_follow_mainmotor
                                 REL DATA    006E4B 000001       motor
                                 REL DATA    006E4C 000001       system
                                 REL DATA    006E4D 000012       variables
bss_NO                           REL DATA    006E5F 000000       ncrt0
                                 REL DATA    006E5F 000001       action
                                 REL DATA    006E60 000209       communication
                                 REL DATA    007069 000004       DS28E01-100
                                 REL DATA    00706D 000305       inpress_follow_mainmotor
                                 REL DATA    007372 000006       motor
                                 REL DATA    007378 000006       step_motor_drv
                                 REL DATA    00737E 000001       system
                                 REL DATA    00737F 000100       uart1
                                 REL DATA    00747F 00040F       variables
                                 REL DATA    00788E 00000A       watch
stack                            REL DATA    007898 000700       ncrt0
heap                             REL DATA    007F98 000400       ncrt0
rom_NE                           REL ROMDATA 008398 000000 2     ncrt0
rom_NO                           REL ROMDATA 008398 000000       ncrt0
data_FE                          ABS DATA    010000 000000       ncrt0
bss_FE                           REL DATA    010000 000000 2     ncrt0
data_FO                          REL DATA    010000 000000       ncrt0
bss_FO                           REL DATA    010000 000000       ncrt0
rom_FE                           ABS ROMDATA 0D0000 000000       ncrt0
                                 REL ROMDATA 0D0000 003FF6 2     action
                                 REL ROMDATA 0D3FF6 000704 2     motor
                                 REL ROMDATA 0D46FA 00014C 2     step_motor_drv
rom_FO                           REL ROMDATA 0D4846 000000       ncrt0
                                 REL ROMDATA 0D4846 00041C       action
                                 REL ROMDATA 0D4C62 000013       step_motor_drv
data_SEI                         REL ROMDATA 0D4C75 000000       ncrt0
data_SOI                         REL ROMDATA 0D4C75 000000       ncrt0
data_NEI                         REL ROMDATA 0D4C75 000000       ncrt0
                                 REL ROMDATA 0D4C75 000148       DS28E01-100
                                 REL ROMDATA 0D4DBD 000002       inpress_follow_mainmotor
                                 REL ROMDATA 0D4DBF 000014       motor
                                 REL ROMDATA 0D4DD3 00001A       RC522
                                 REL ROMDATA 0D4DED 000014       variables
                                 REL ROMDATA 0D4E01 000002       watch
                                 REL ROMDATA 0D4E03 000010       mdata
                                 REL ROMDATA 0D4E13 000004       rand
data_NOI                         REL ROMDATA 0D4E17 000000       ncrt0
                                 REL ROMDATA 0D4E17 000002       action
                                 REL ROMDATA 0D4E19 000001       communication
                                 REL ROMDATA 0D4E1A 000002       inpress_follow_mainmotor
                                 REL ROMDATA 0D4E1C 000001       motor
                                 REL ROMDATA 0D4E1D 000001       system
                                 REL ROMDATA 0D4E1E 000012       variables
data_FEI                         REL ROMDATA 0D4E30 000000       ncrt0
data_FOI                         REL ROMDATA 0D4E30 000000       ncrt0
program                          REL CODE    0D4E30 000000       ncrt0
                                 REL CODE    0D4E30 00AD01 2     action
                                 REL CODE    0DFB32 003C07 2     communication
                                 REL CODE    0E373A 0001CA 2     ctmotor
                                 REL CODE    0E3904 00006E 2     delay
                                 REL CODE    0E3972 0013A1 2     DS28E01-100
                                 REL CODE    0E4D14 00179F 2     iic_bus_eeprom
                                 REL CODE    0E64B4 000ABA 2     initial
                                 REL CODE    0E6F6E 000772 2     inpress_follow_mainmotor
                                 REL CODE    0E76E0 0000CE 2     M_debug
                                 REL CODE    0E77AE 00082D 2     main
                                 REL CODE    0E7FDC 00261A 2     motor
                                 REL CODE    0EA5F6 00064E 2     pattern_check
                                 REL CODE    0EAC44 0007C4 2     RC522
                                 REL CODE    0EB408 00005F 2     solenoid
                                 REL CODE    0EB468 0028CB 2     step_motor_drv
                                 REL CODE    0EDD34 007001 2     system
                                 REL CODE    0F4D36 0008C2 2     uart1
                                 REL CODE    0F55F8 00080A 2     watch
                                 REL CODE    0F5E02 000611 2     _f4add
                                 REL CODE    0F6414 0001E9 2     _f4div
                                 REL CODE    0F65FE 000081 2     _f4le
                                 REL CODE    0F6680 000199 2     _f4mul
                                 REL CODE    0F681A 00001B 2     _f4sub
                                 REL CODE    0F6836 000086 2     _f4tof8
                                 REL CODE    0F68BC 000025 2     _f4toi4u
                                 REL CODE    0F68E2 000913 2     _f8add
                                 REL CODE    0F71F6 0002C9 2     _f8div
                                 REL CODE    0F74C0 0000A7 2     _f8lt
                                 REL CODE    0F7568 000054 2     _f8ltor
                                 REL CODE    0F75BC 0002C7 2     _f8mul
                                 REL CODE    0F7884 0000B3 2     _f8tof4
                                 REL CODE    0F7938 000025 2     _f8toi4u
                                 REL CODE    0F795E 000111 2     _ftol
                                 REL CODE    0F7A70 000083 2     _i4div
                                 REL CODE    0F7AF4 00004D 2     _i4divu
                                 REL CODE    0F7B42 000041 2     _i4i2div
                                 REL CODE    0F7B84 000011 2     _i4i2dvu
                                 REL CODE    0F7B96 00001C 2     _i4mulu
                                 REL CODE    0F7BB2 000022 2     _i4tof8
                                 REL CODE    0F7BD4 000022 2     _i4utof4
                                 REL CODE    0F7BF6 000022 2     _i4utof8
                                 REL CODE    0F7C18 0000D4 2     _ltof
                                 REL CODE    0F7CEC 000035 2     bcopy
                                 REL CODE    0F7D22 000028 2     bzero
                                 REL CODE    0F7D4A 00004F 2     memcpy
                                 REL CODE    0F7D9A 000041 2     memset
                                 REL CODE    0F7DDC 000033 2     rand
                                 REL CODE    0F7E10 000046 2     _f4ltor
                                 REL CODE    0F7E56 00003E 2     _f4rtol
                                 REL CODE    0F7E94 000041 2     _f8rtol
program_S                        REL CODE    0F7ED5 000000       ncrt0
interrupt                        ABS CODE    0F9000 000000       ncrt0
                                 REL CODE    0F9000 000130       ncrt0
vector                           ABS CODE    0F9200 0000C0       ncrt0
fvector                          REL CODE    0F92C0 000000       ncrt0
# Total -------------------------------------------------------------------
                                     DATA           007F98(0032664) Byte(s)
                                     ROMDATA        004E30(0020016) Byte(s)
                                     CODE           023295(0144021) Byte(s)

##########################################
# (3) GLOBAL LABEL INFORMATION           #
##########################################
$ByteRead          0e4f0c  $ByteWrite         0e4e9e  $CalulateCRC       0eaf96
$ClearBitMask      0eb08e  $IicBusRead        0e4d1e  $IicBusWrite       0e4dc6
$IsChangeNopMove   0ea944  $IsChangeSewSpee   0ea904  $IsCutCode         0ea7f6
$IsInflectionPoi   0ea8c4  $IsLaserEndCode    0ea974  $IsLaserStartCod   0ea9d4
$IsNopMoveCode     0ea886  $IsPatternEndCod   0ea7c8  $IsPatternStartC   0ea79c
$IsPenEndCode      0eaa34  $IsPenStartCode    0eaa92  $IsRotateCutterE   0eaaf2
$IsRotateCutterS   0eab8c  $IsRotateCutterS   0eab40  $IsSewCode         0ea834
$PBP_Line          0df7b2  $PcdAnticoll       0eaca8  $PcdAuthState      0eada4
$PcdComMF522       0eb0b0  $PcdRead           0eae12  $PcdRequest        0eac44
$PcdSelect         0ead32  $PcdWrite          0eae72  $ReadRawRC         0f55ba
$SetBitMask        0eb06c  $UpdateCrc         0eaf4a  $WriteRawRC        0f55d6
$_f4ltor           0f7e10  $_f4rtol           0f7e56  $_f8ltor           0f7568
$_f8rtol           0f7e94  $_ftol             0f795e  $_ltof             0f7c18
$add_one_action    0df76a  $adjust_xy_time    0d75a0  $backwords_after   0ee50c
$block_data_stru   0eb278  $cal_crc16         0f4ec0  $cal_forward       0e8572
$cal_pid_p_stop    0e8cc4  $cal_pid_s         0e8904  $cal_spd_ref       0e9266
$calculate_inpre   0d63da  $calculate_posit   0e6f6e  $check_data        0d6790
$check_motion_do   0ed43c  $check_move_code   0ea6d2  $check_subsequen   0ea5f6
$crc_calcu         0ed95c  $delay_ms          0e3904  $delay_us          0e393c
$exit              0f912d  $find_a_bobbin_c   0ecf26  $follow_inpress_   0e742a
$go_beginpoint     0d9180  $go_origin_bobbi   0ecbe0  $go_yj             0d570a
$inpress_down      0d5ce2  $inpress_to        0d5d0e  $inpress_to_fors   0d5e1e
$int2string        0e511e  $m_start           0e8dbe  $memset            0f7d9a
$motor_stop        0e95aa  $movestep_cs3      0eca2c  $movestep_ct       0ebee4
$movestep_lct      0ebfee  $movestep_x        0ebc22  $movestep_x2       0eba40
$movestep_x3       0ebb4e  $movestep_y        0ebe22  $movestep_y2       0ebc30
$movestep_y3       0ebd46  $movestep_yj       0ebe30  $movestep_zx       0ec0ec
$multipule_progr   0edc3e  $multipule_progr   0edcda  $nop_move_emerge   0ec9f6
$output_cs3        0ecb80  $process_marking   0edd58  $process_nop_mov   0ee5c8
$protocol          0dfd6c  $quickmove_y       0ec54e  $quickmove_y2      0ec42c
$read_multipule_   0edcba  $read_par          0e4ffa  $read_para_group   0e5076
$read_stepmotor_   0ed8fa  $read_stepmotor_   0ed9b4  $select_dsp        0ed6ba
$send_dsp1_comma   0ed7bc  $send_dsp1_comma   0ed712  $send_dsp2_comma   0ed7d4
$send_dsp3_comma   0ed7ec  $send_dsp4_comma   0ed804  $send_dsp_comman   0ed756
$send_dsp_comman   0ed79e  $send_multipule_   0edc5e  $set_control_loc   0e36f8
$set_func_code_i   0e771e  $set_protocol_us   0e779c  $sew_nomove        0decb0
$special_sewing    0de888  $spi_err_dis       0eb4ac  $srand             0f7e06
$string2int        0e5104  $test_nop_emerge   0e76e0  $tra1_com          0f4e58
$tra_com           0dfc58  $uart1_send_char   0f5534  $verify            0dfc32
$verify_code       0e36d0  $write_par         0e5038  $write_para_grou   0e50bc
$write_stepmotor   0ed8b4  $write_stepmotor   0eda06  $zoom_in_one_sti   0deeb4
_AUTO_SEARCH_STA   007629  _AdjustAngle       00682a  _AdjustAngleSet    006822
_AreaDivisionFla   0074a5  _CRC16             0006c4  _CRC8              00706a
_Calculate_Quick   0d8f34  _CancelAllCoorFl   0074b1  _CancelAllXCoor    0067dc
_CancelAllYCoor    0067de  _CancelOverlabPo   0074c5  _Corner_decelera   0068fc
_CourseBackStart   007480  _CurrentPointShi   0074c3  _CurrentPointShi   0067f4
_CurrentXCoor      0067ec  _CurrentYCoor      0067ee  _DAActionCounter   00685e
_DAActionFlag      007597  _DEADPOINT         006a90  _DRV_DATA_LEN      00763f
_DVALastState      0074c8  _DVA_action_done   0075d7  _DVA_scan_counte   0075d6
_DVA_scan_flag     0075d5  _DVBLastState      0074c7  _DVSMLastState     00748d
_DefaultKey        000572  _DelayCounter      000578  _DelayMsCount      0067f8
_DelayTime         00057c  _DestinationPoin   0067f6  _DeviceSecret      000420
_DisMotorAngle     006828  _ENABLE_BOBBIN_C   00762d  _EditElementComm   0074c4
_EditEntranceFla   0074c0  _ElectronicClamp   0074a3  _ElectronicClamp   0074a4
_ElementIndex      0074bc  _ElementIndexLat   0074bd  _ElementNumber     0067e6
_ElementPointFla   0074bb  _EncoderZ_flag     0074f5  _EndStyleChooseF   0074b5
_Entropy           00706c  _ExtensionSecret   000400  _FL_pwm_action_f   00778e
_FL_pwm_counter    00778f  _FL_pwm_period     006b9e  _FindZeroFlag      0074f4
_FootNumber        00759d  _FootRotateFlag    0074c9  _FootUpCom         0074c6
_HighSpeedStitch   0075c9  _IniFlag           00747f  _InpressAbsolute   00749b
_InpressHighCont   00749a  _InpressHighRela   0074ac  _InpressHighRela   0074ad
_InpresserIni_fl   006e5e  _InputFlag         00749e  _InputNumber       00749f
_Judge_Quadrant    0df72c  _K227              00778c  _KnifeDriveFlag    0074a6
_KnifeStyle        0074a7  _LastNopMoveFlag   0074b6  _MotionSet         0074ca
_MotiongSetFlag    0074cb  _MotorPositionSe   007499  _MotorSpeedRigis   0074b0
_MotorStuckCount   000954  _MoveStartAngle1   0d0af8  _MoveStartAngle2   0d0d32
_MoveStartAngleT   0d2e1e  _MoveStartAngleT   0d1a02  _MoveStartAngleT   0d0e3a
_MoveStartAngleT   0d360a  _MoveStartAngleT   0d2410  _MoveStartAngleT   0d141e
_MoveStartAngle_   0d0db6  _MoveStartAngle_   0d0df8  _MoveStartAngle_   0d0d74
_MoveTime1_Speed   0d4846  _MoveTime2_Speed   0d4bde  _MoveTimeSpeedTa   0d3366
_MoveTimeSpeedTa   0d20b6  _MoveTimeSpeedTa   0d3b52  _MoveTimeSpeedTa   0d2ac4
_MoveTime_Limtit   0d4bbd  _MoveTime_Speed_   0d4c20  _MoveTime_Speed_   0d4c41
_MoveTime_k04_3    0d4bff  _MoveToCurrentCo   0074bf  _NopMoveElement    0067e2
_NopMoveSpd_flag   0074d4  _NopmoveFuncFlag   0074aa  _NopmoveSpeed      0074ab
_OW_Buffer         007069  _OW_RomID          006c96  _OW_check          0e4c54
_OW_random         0e4cde  _OW_status         0e4ca6  _OutOfRange_flag   00748c
_OutputFlag        00749c  _OutputNumber      00749d  _PORG_action_fla   0075b2
_PatEnd            006e50  _PatStart          006e4d  _PattenrDelayTim   0067da
_PatternDelayFla   0074a0  _PatternShiftVal   0067ea  _PcdAntennaOff     0eb23e
_PcdAntennaOn      0eb21c  _PcdHalt           0eaf1a  _PcdReset          0eafd4
_PointShiftDirec   0074b4  _PointShiftFlag    0074b3  _PointShiftNumbe   0067e0
_RFID_SCAN         0eb33e  _RFID_initial      0eb24a  _ROTATED_CUTTER    00762b
_Rfid_Nom          006bae  _RotateFlag        0074a1  _SEND_SERVO_PARA   00762a
_SHAVM_Hash        0006c6  _SHAVM_MAC         0006da  _SHAVM_Message     000684
_SPI_init          0eb468  _SUPPORT_CS3_FUN   00762c  _SewDataFlag       0074ba
_SewStitchCounte   0074b7  _SewTestStitchCo   0067e8  _SewingElement     0067e4
_SewingReverse     0dece4  _SewingSpeedFlag   0074a8  _SewingSpeedValu   0074a9
_SewingStopFlag    0074ae  _SewingStopValue   0074af  _SewingTestEndFl   0074c1
_ShapePointFlag    0074b9  _SingleManualFla   0074b8  _StartCondition    0e4e42
_StatusChangeLat   0074c2  _Step1Version      006e53  _Step2Version      006e58
_StepDrive1Versi   0067f0  _StepDrive2Versi   0067f2  _StitchStartFlag   0074ef
_StitchUpFlag      0074b2  _StopCondition     0e4e72  _StopStatusFlag    0074cc
_TaccTmp           000884  _Tension3thFlag    0074a2  _TestStatusChang   0074be
_X2_tab            0d3df6  _X_AXIS_ORGIN_EN   007628  _XorgLast          0075ee
_YorgLast          0075ef  _ZJ_8060           007627  __WaitTime0us      0e4f9c
__WaitTime1us      0e4fa2  __WaitTime2us      0e4fae  __WaitTime6ms      0e4fd6
__f4add            0f5e02  __f4div            0f6414  __f4le             0f65fe
__f4mul            0f6680  __f4sub            0f681a  __f4tof8           0f6836
__f4toi4U          0f68bc  __f8add            0f68e2  __f8div            0f71f6
__f8lt             0f74c0  __f8mul            0f75bc  __f8tof4           0f7884
__f8toi4U          0f7938  __i4Utof4          0f7bd4  __i4Utof8          0f7bf6
__i4div            0f7a70  __i4divU           0f7af4  __i4i2div          0f7b42
__i4i2divU         0f7b84  __i4mulU           0f7b96  __i4tof8           0f7bb2
__mbase            006e3a  __memt             000596  __mnext            006e3e
__msize            006e42  __nop_stich        006ca6  __num              00787c
__pool             00058e  __speed_array      006cac  __test1            007889
__test2            00788a  __test3            00788b  __test4            00788c
__time             006caa  __x                006c9e  __y                006ca2
_acc_spd_tab_con   0d46da  _acc_tactic        0e8c0e  _adtc_count        007576
_adtc_flag         007577  _af_action_flag    007888  _aging_com         00757a
_aging_delay       007545  _aging_flag        007544  _alarm_output_en   0075e7
_alarm_thread_le   0068de  _alarmbuz_flag     007570  _alarmled_flag     00756f
_allct_step        006808  _allin_step        006806  _allow             007596
_allx_edit_step    006796  _allx_step         00678e  _allx_step_temp    0067d2
_ally_edit_step    006798  _ally_step         006792  _ally_step_temp    0067d6
_allyj_step        006804  _already_auto_fi   007613  _already_find_st   007670
_already_in_orig   0075eb  _angle_tab         0d07d8  _at_solenoid       0eb43e
_atan_tab          0d45d8  _auto_enable_cat   007791  _auto_function_f   0075ad
_auto_origin_mod   007606  _auto_select_fla   0075ac  _autosewing_allo   007666
_autosewing_alls   007665  _autosewing_cont   007664  _autosewing_offs   007793
_autosewing_swit   007667  _back_edit_start   0db582  _back_endpoint     0da9e0
_back_startpoint   0db552  _bakeup_total_co   0068c8  _bar_coder_refre   007785
_bar_coder_refre   007783  _baseline_alarm_   0075f1  _baseline_alarm_   0068ee
_bcopy             0f7cec  _before_down_spe   00686e  _blow_air_counte   006a50
_blow_air_enable   007634  _blow_air_flag     007635  _bobbin_case_ala   007623
_bobbin_case_arm   00760f  _bobbin_case_arm   007611  _bobbin_case_cur   007618
_bobbin_case_dum   006904  _bobbin_case_ena   007614  _bobbin_case_ino   00690a
_bobbin_case_mot   0ed0b6  _bobbin_case_onc   007621  _bobbin_case_pla   007610
_bobbin_case_pla   007612  _bobbin_case_res   007624  _bobbin_case_scr   00690c
_bobbin_case_sto   007622  _bobbin_case_swi   00760c  _bobbin_case_swi   00760d
_bobbin_case_wor   0ed14a  _bobbin_case_wor   00760e  _bobbin_change_s   0f4c78
_bobbin_platefor   00766a  _bottom_thread_a   0075dd  _bottom_thread_r   0068d6
_brkdt_flag        007575  _bzero             0f7d22  _calculae_arctan   0df9e0
_calculate_angle   0d76ea  _calculate_flag    0074ea  _cfg_inpress_hol   007880
_chang_parameter   0077a7  _check_DSP3_inpu   0ed81c  _check_autosewin   0ed8a4
_check_bottom_re   0d917e  _check_bottom_th   0075db  _check_data_spee   0068a8
_check_flag        0074e8  _check_output_pa   0df976  _check_sewing_ra   0df68e
_check_valve1_fl   00766b  _check_valve2_fl   00766c  _check_valve3_fl   00766d
_check_valve4_fl   007648  _check_valve5_fl   007649  _check_valve6_fl   00766e
_check_yj_done     0ec55c  _checki03_status   0f31ce  _checki04_status   0f3306
_checki05_status   0f3496  _checki06_status   0f373e  _checki07_status   0f3902
_checki08_status   0f3a50  _checki10_action   007879  _checki10_action   00787a
_checki10_follow   007878  _checki10_status   0f3be2  _checki11_action   00761b
_checki11_item     007619  _checki11_output   00761c  _checki11_status   0f40a6
_checki11_status   0f3d84  _checki11_test_f   00761a  _clamp_backstep1   0e3840
_clamp_backstep2   0e385a  _clamp_com         00752f  _clamp_flag        00748b
_clamp_in          0e3838  _clamp_out         0e37e4  _clamp_stepflag    0074f0
_com_error         0e36c4  _com_monitor_cod   007796  _com_refresh_fla   007795
_commandpoint_co   007491  _comx_polar_step   0067be  _comx_step         0067aa
_comy_polar_step   0067c0  _comy_step         0067ae  _config_para       0d481a
_config_stepmoto   0eb92e  _confirm_barcode   006a7a  _connect_flag      0074ec
_conprocess_data   0d9dc8  _conprocess_edit   0d9f78  _conprocess_sewi   0da40c
_cool_air_1_sec    0068d0  _cool_air_action   0068ce  _cool_air_action   0075d9
_cool_air_close_   0068d2  _cool_air_counte   0068cc  _cool_air_open_t   0068d4
_coor_com          007496  _cooradjust_com    007497  _cooradjustx_ste   0067c2
_cooradjustxtota   0067c6  _cooradjusty_ste   0067c4  _cooradjustytota   0067c8
_coordisxtotal_s   0067ca  _coordisytotal_s   0067cc  _cos_tab           0d43d8
_counter           006e46  _counter1          006e47  _counter_1ms       006a7c
_counter_wait_co   007637  _course_back       0dc1a6  _course_back_sto   0dc372
_course_edit_bac   0dc7e4  _course_edit_con   0dc8f8  _course_edit_con   0dbffa
_course_edit_nex   0dbe10  _course_inpresse   0dc50a  _course_inpresse   0dbb1e
_course_next       0db918  _course_next_fla   0075b4  _course_run_stop   007562
_course_stop       0dca8a  _course_thread_b   0dc67c  _course_thread_n   0dbc98
_course_thread_r   007563  _cpy_para_buff     0e58f0  _crc1              006bbc
_crc2              006bbe  _crc3              006bc0  _crc_value         006b92
_ct_bump_action_   007653  _ct_bump_counter   006a68  _ct_bump_working   006a6a
_ct_holding_step   0068ec  _curpat_have_ori   007498  _currentpyx_step   0067ba
_currentpyy_step   0067bc  _cut_code_check_   007882  _cut_control_fla   0075a6
_cut_count         006846  _cut_end_angle     006784  _cut_end_flag      0074d9
_cut_flag          0074d6  _cut_start_angle   006782  _cut_start_flag    0074d8
_cut_test_flag     0075da  _cutter_angle_ad   006bf2  _cutter_current_   0d47fa
_cutter_delay_co   007886  _cutter_delay_fl   007887  _cutter_function   007647
_cutter_motoer_r   00764b  _cutter_motor_in   006a6c  _cutter_output_t   0075e8
_cutter_protect_   006b9c  _cutter_protect_   00778d  _cutter_rotated_   006a56
_cutter_speed_do   007673  _cutter_syn_coun   007652  _cutter_syn_dela   007658
_cutter_test_cnt   00765f  _da0_release_con   0068fe  _da0_release_fla   007604
_da0_sewing_dela   006d0e  _da0_sewing_dela   007884  _data2             00056e
_data_length_drv   00763d  _de_bug            007640  _debug_counter     00767f
_debug_dsp_flag    00765c  _debug_para1       006a80  _debug_para2       006a84
_debug_read_poin   00767d  _debug_write_poi   00767e  _delay_before_in   006bb0
_delay_process     0f4a70  _detect_position   0ddcdc  _dither_tactic     0e8c24
_do_pat_point_ad   0df1c6  _do_pat_point_su   0df204  _door_ac           000588
_door_dt           00058a  _double_xy_time_   00767b  _download_drv_fl   00763b
_download_dsp_cu   0f4c8e  _download_multip   0f4d02  _download_status   0f4ae6
_downloaddsp_sta   0f4b56  _drill_motor_cou   006a5c  _drill_motor_pwm   006a5a
_drill_motor_run   006a58  _drill_motor_upd   00767c  _drv_satus         006a54
_dscrc_table       000428  _dsp1              00737a  _dsp2              00737b
_dsp3              00737c  _dsp3_input_valu   006a5e  _dsp3_moto1_dire   007661
_dsp4              00737d  _e                 006e4b  _edit_status       0f2cc0
_emergency         0dda34  _emergency_resta   00786c  _emermove_high     006842
_emermove_status   0f40ce  _emerstop_status   0f23f8  _enable_footer_u   007782
_enable_inpress_   00764e  _enable_stop_in_   0075e9  _enable_thread_b   0075ec
_end_flag          0074e4  _erase_falg        00763e  _error_status      0f10ce
_exit              0f912d  _fall_back_tacti   0e8cae  _fd                000844
_find_communicat   0075a9  _find_dead_cente   0d5f1e  _find_dead_point   0d6026
_find_deadpoint_   007586  _find_laser_star   00786d  _find_start_poin   0df67e
_find_start_poin   0df23a  _find_up_positio   0d60c0  _find_x_origin_c   006a88
_find_zero         0d615a  _findorigin_flag   0074f8  _finish_nopmove_   0075ed
_finish_status     0f3018  _first_enter_che   007883  _first_select_fl   0075b5
_first_start_fla   0077ac  _first_stitch_fl   0074e6  _fk_count          006848
_fk_cut            007565  _fk_status         007564  _flag1             00787f
_flag_1ms          007481  _flag_start_wait   007636  _flag_wait_com     007638
_flash_buz         0dda24  _flash_led         0dda14  _follow_inpress_   0e74d8
_foot_2step_flag   007584  _foot_2step_star   007585  _foot_com          007494
_foot_count        007561  _foot_down         0d59a6  _foot_flag         007488
_foot_half_down    0d59de  _foot_half_flag    007489  _foot_half_up      0d5906
_foot_step_confi   0d475a  _foot_step_confi   0d479a  _foot_step_confi   0d47ba
_foot_step_curre   00758a  _foot_up           0d58da  _footer_both_dow   0d5a00
_footer_both_up    0d5926  _footer_procedur   0d5a70  _formwork_identi   0075b9
_frame_start_cou   00779f  _frame_start_fla   0077a0  _free_status       0ee862
_front2stitchs_t   0075ff  _fw_solenoid       0eb408  _g_system_ticks    006d3a
_g_ucTempbuf       0008a4  _get               000846  _get_IORG_status   0edcf8
_get_bobbin_case   0ed89c  _get_func_debug_   0e773a  _get_para_from_e   0e601e
_get_stepper_cut   0edd16  _get_x_distance    0ec9d8  _get_y_distance    0ec9e6
_go_commandpoint   0de096  _go_manualpoint    0ddd6e  _go_origin_allmo   0d5716
_go_origin_ct      0e373c  _go_origin_speed   0075c1  _go_origin_x       0d52f0
_go_origin_x1      0d509a  _go_origin_xy      0d4f82  _go_origin_y       0d5308
_go_origin_y1      0d5320  _go_origin_zx      0d4e30  _go_original_fla   0075be
_go_setout_speed   0075c2  _go_setoutpoint    0dd6b6  _go_sewingtest_b   0d9aa6
_go_startpoint     0d61f4  _id_alarm_counte   0068f0  _id_alarm_flag     0075f3
_id_pattern        0068f2  _identify_mode     007605  _identify_patter   0ee2c2
_indraft_control   006a66  _indraft_control   007651  _inflection_poin   007681
_initIicBus        0e4d14  _init_ad           0e64ea  _init_clk          0e652c
_init_comm         0dfb5c  _init_ct           0e373a  _init_da           0e6516
_init_eeprom       0e4fd2  _init_io           0e6586  _init_motor        0e7fec
_init_para_varia   0e6358  _init_stepmotor_   0eb8d4  _init_ta0          0e64b4
_init_tb0          0e7fdc  _init_tb3          0e64c6  _init_tb4          0e64d8
_init_uart0        0dfb32  _init_uart1        0f4d88  _init_uart1_RC52   0f5506
_init_var          0e6606  _init_watch        0f55f8  _initial           0e6e88
_initial_mainmot   0ddf76  _initial_uart1_v   0f4d36  _inpress_act_fla   0075a7
_inpress_com       007495  _inpress_delta     00683e  _inpress_end_fla   0074dd
_inpress_flag      00748a  _inpress_follow_   006a60  _inpress_follow_   006a8a
_inpress_follow_   0d0124  _inpress_follow_   0d01a8  _inpress_follow_   0d022c
_inpress_follow_   0d02b0  _inpress_follow_   0d0334  _inpress_follow_   0d03b8
_inpress_follow_   0d043c  _inpress_follow_   0d04c0  _inpress_follow_   0d06d0
_inpress_follow_   0d0754  _inpress_follow_   0d0544  _inpress_follow_   0d05c8
_inpress_follow_   0d064c  _inpress_follow_   00764c  _inpress_follow_   007668
_inpress_follow_   0d4863  _inpress_follow_   0d48a5  _inpress_follow_   0d48e7
_inpress_follow_   0d4929  _inpress_follow_   0d496b  _inpress_follow_   0d49ad
_inpress_follow_   0d49ef  _inpress_follow_   0d4a31  _inpress_follow_   0d4b39
_inpress_follow_   0d4b7b  _inpress_follow_   0d4a73  _inpress_follow_   0d4ab5
_inpress_follow_   0d4af7  _inpress_follow_   007662  _inpress_follow_   00779e
_inpress_follow_   006a64  _inpress_follow_   006a8e  _inpress_follow_   00787e
_inpress_follow_   006a62  _inpress_follow_   006a8c  _inpress_follow_   0d0166
_inpress_follow_   0d01ea  _inpress_follow_   0d026e  _inpress_follow_   0d02f2
_inpress_follow_   0d0376  _inpress_follow_   0d03fa  _inpress_follow_   0d047e
_inpress_follow_   0d0502  _inpress_follow_   0d0712  _inpress_follow_   0d0796
_inpress_follow_   0d0586  _inpress_follow_   0d060a  _inpress_follow_   0d068e
_inpress_follow_   00764d  _inpress_follow_   007669  _inpress_follow_   0d4884
_inpress_follow_   0d48c6  _inpress_follow_   0d4908  _inpress_follow_   0d494a
_inpress_follow_   0d498c  _inpress_follow_   0d49ce  _inpress_follow_   0d4a10
_inpress_follow_   0d4a52  _inpress_follow_   0d4b5a  _inpress_follow_   0d4b9c
_inpress_follow_   0d4a94  _inpress_follow_   0d4ad6  _inpress_follow_   0d4b18
_inpress_high      00683a  _inpress_high_ho   00683c  _inpress_litter_   006bba
_inpress_litter_   0077a9  _inpress_litter_   0077aa  _inpress_not_wor   00779d
_inpress_para      00706d  _inpress_port      0075f0  _inpress_positio   006840
_inpress_positio   006d06  _inpress_real_de   006844  _inpress_start_f   0074dc
_inpress_status    0f1850  _inpress_step_co   0d473a  _inpress_step_co   0d477a
_inpress_step_co   0d47da  _inpress_step_cu   007589  _inpress_tab       0d0000
_inpress_tab2      0d0092  _inpress_time      007482  _inpress_type      007600
_inpress_up        0d5cba  _int0_int          0e9538  _int1_int          0f5d8a
_int2_int          0f5dbc  _iq_max_tester     000584  _jump_to_begin     0ed63c
_k01               007511  _k02               007526  _k03               00755f
_k04               007560  _k05               0075f4  _k06               00759e
_k07               0075a5  _k100              00755c  _k110              007527
_k111              006820  _k112              00759f  _k113              0075a0
_k114              0075a1  _k115              0075a8  _k131              00755d
_k150              00755e  _k165              007631  _k166              006a4e
_k167              00762e  _k168              00762f  _k169              007630
_k170              007632  _k171              007633  _k21               0075f5
_k22               0075f6  _k23               0075f7  _k24               0075f8
_k25               0075f9  _k26               0075fa  _k27               0075fb
_k28               0075fc  _k31               007553  _k43               00680e
_k52               007486  _k53               007554  _k54               007555
_k56               006810  _k57               006814  _k58               006818
_k59               00681c  _k60               00752a  _k61               00682c
_k63               007556  _k67               007557  _k74               007558
_k75               007559  _k92               007528  _k93               007529
_k95               00755a  _k98               00755b  _laser_already_b   00786e
_laser_cutter_ac   007781  _laser_emergency   00786b  _laser_fun_delay   006a92
_laser_fun_delay   007671  _laser_offset_x    006b96  _laser_offset_y    006b98
_laser_power_err   007675  _laser_power_on_   006aa2  _laser_power_on_   007786
_laser_power_on_   007674  _laser_preturnon   006a94  _laser_preturnon   007672
_laser_test_flag   007787  _last1_speed       007654  _last2_speed       007655
_last3_speed       007656  _last4_speed       007657  _last_allx_step    0068bc
_last_ally_step    0068c0  _last_direction    007601  _last_max_length   006856
_last_pattern_nu   006872  _last_pattern_po   0068ba  _last_rotated_di   00764a
_last_speed        006802  _last_temp_speed   006858  _last_x_directio   007602
_lastmove_flag     0074d2  _laststitch_flag   0074d7  _led_light_adjus   0075bd
_m_spd_n           006862  _m_spd_n_last      006864  _m_spd_ref_n       006860
_m_status          007580  _machine_stop_fl   0074e5  _main              0e77ae
_main_control_lo   007871  _main_control_lo   007872  _making_pen_acto   007874
_making_pen_stat   007875  _manual_status     0f1fbc  _manx_step         0067a6
_many_step         0067a8  _marking_finish_   0075b8  _marking_flag      0075b7
_marking_pen_sto   0edd34  _marking_speed     0075b6  _memcpy            0f7d4a
_milling_cutter_   007608  _milling_cutter_   00760a  _milling_first_m   007609
_monitor_allx_st   006a98  _monitor_ally_st   006a9c  _monitor_cutter_   006bf4
_monitor_pat_poi   006a96  _monitor_point     006bb8  _monitor_refresh   007676
_monitor_tabx_ti   0077a5  _monitor_taby_ti   0077a6  _monitor_x_step    0077a1
_monitor_x_time    0077a3  _monitor_y_step    0077a2  _monitor_y_time    0077a4
_motor             00092e  _motor_control     0e95f8  _motor_para        00758b
_motor_start       0e9562  _motor_stuck_fla   0074f6  _motorconfig_fla   0074ed
_move_back         0db7b8  _move_ct           0e387c  _move_edit_start   0db8f4
_move_flag         0074cd  _move_next         0db6ba  _move_startpoint   0db8b2
_move_xy           0de5ce  _movect_angle      006800  _movestep_angle    0067fa
_movestep_x_flag   0074d0  _movestep_y_flag   0074d1  _movestepx_angle   0067fc
_movestepx_delay   0075e0  _movestepy_angle   0067fe  _movestepy_delay   0075e1
_movex_flag        0074ce  _movexy_delay_co   0075a3  _movexy_delay_fl   0075a4
_movey_flag        0074cf  _movezx_delay_co   007650  _movezx_delay_fl   00764f
_ms_counter        000956  _ms_scan_counter   006bb2  _multipule_io_st   0f4cf2
_need_action_onc   0075d2  _need_action_two   0075d3  _need_backward_s   0075d0
_needle_status     0f30e8  _new_pattern_don   0075b1  _noedit_status     0f2ffe
_nop_move_contro   006a52  _nop_move_pause_   0075cd  _nop_move_remain   0068b2
_nop_move_remain   0068b6  _nop_move_speed    0075c3  _nopmove_flag      0074d5
_normal_control    0e8b44  _oil_empty_alarm   007784  _one_step_delay    006878
_one_step_delay_   0dca8e  _one_step_run_fl   00787b  _open_or_close_l   0075dc
_opl_origin_flag   0075ba  _origin2_lastmov   0074d3  _origin2x_step     0067b6
_origin2y_step     0067b8  _origin_com        007490  _origin_com_afte   0075e6
_output_com        007567  _over_counter      006aa0  _over_spd_flag     007582
_ow_status         00706b  _para              0077ae  _para5             006bf6
_para7             006cc0  _para8             006d10  _para_catch_dela   006ba8
_para_confirm      0ddaa6  _para_right_barc   006ba6  _para_x_take_off   006ba4
_para_x_take_off   006bac  _para_y_backward   006baa  _pat_buf           00095c
_pat_buff_total_   0068c6  _pat_buff_write_   0068c4  _pat_offset        0068ca
_pat_point         000950  _pattern_chage_r   006a70  _pattern_change_   00687c
_pattern_change_   0075b0  _pattern_change_   0075af  _pattern_delay     0075ae
_pattern_id_dela   0075fe  _pattern_number    006870  _pause_active_le   007680
_pause_count       00684e  _pause_flag        007571  _pause_stop        0ddb7a
_pedal_last_stat   007484  _pedal_state       007483  _pedal_style       007487
_pen_x_bios_offs   006bb4  _pen_y_bios_offs   006bb6  _power_off_count   00684c
_power_on_ask_fo   007790  _power_on_first_   007792  _power_on_laser_   007870
_power_on_ready    0075e4  _poweroff_status   0f1966  _powr_on_zx_flag   0077a8
_pre_run_conditi   0f4852  _predit_shift      006e5d  _preedit_status    0f2466
_prewind_status    0f147e  _printf_uart       0f5060  _process_bottom_   0de5cc
_process_data      0d7dc4  _process_edit_da   0d8a56  _process_flag      0074e9
_process_sewingt   0d84ce  _pwm_forbid_flag   007581  _pwm_int           0e816a
_quickmove_x       0ec41c  _quickmove_x2      0ec27e  _quickmove_x_pro   0ec668
_quickmove_y_pro   0ec8bc  _quickmove_yj_pr   0ec578  _quickmove_z_pro   0ec758
_rand              0f7ddc  _ratio_array       00687e  _rc522_control_f   00779b
_rc522_write_fal   007799  _rc522_write_ret   00779a  _rc_write_data     00055e
_read_step_x       0068aa  _read_step_y       0068ae  _read_stepmotor_   0ed40a
_read_stepmotor_   0ed5ec  _readback_crc_va   006b94  _ready_go_setout   0075aa
_ready_status      0eeb44  _rec1_com          0f4f50  _rec1_datalength   006aa6
_rec1_package_le   006aa8  _rec1_status_mac   007677  _rec1_total_coun   006b90
_rec_buf           006f39  _rec_com           0dfcd4  _rec_status        006e48
_recieve_flag      00763c  _recieve_x         0008be  _recieve_y         0008c0
_recieve_z         0008c2  _recpat_point      006780  _refresh_para_fl   006e49
_release_poweron   0075f2  _release_tension   007603  _release_tension   0075cb
_release_tension   0075cc  _release_tension   007663  _remain_stitchs    006ba2
_remote_control_   007873  _remove_01         0dd1a8  _remove_03         0dd28e
_remove_04         0dd304  _remove_06         0dd3ea  _remove_07         0dd462
_remove_09         0dd548  _remove_10         0dd5c0  _remove_12         0dd130
_remove_stop       0dd6a6  _repeat_com        007493  _repeat_pattern    0ddd48
_requery_dsp1_st   0edc2e  _reset_panel       0ddf68  _restore_para_fr   0e5144
_return_from_pre   0075e5  _return_from_set   0075ab  _return_origin_f   0075b3
_rfid_config_fla   00779c  _rfid_debug_flag   007876  _rfid_read_write   0f4d04
_rfid_wr_ret       0e363a  _rotated_cutter_   007617  _rotated_cutter_   0df92a
_rotated_cutter_   007615  _rotated_cutter_   006900  _rotated_cutter_   006bee
_rotated_cutter_   006906  _rotated_cutter_   00786f  _rotated_cutter_   007616
_rotated_cutter_   006908  _run_status        0ef846  _running_overflo   007598
_running_overflo   007599  _second_point_pa   00766f  _second_start_co   0075e3
_second_start_sw   0075e2  _send_command      0005ac  _send_stepmotor_   0ed5ae
_send_stepmotor_   0ed4c2  _serail_config_f   0075c0  _serail_module_s   0075bf
_serail_number     00687a  _set_default_len   0068da  _set_uart1_debug   0f4db6
_setout_status     0f21e4  _setup_stepper_m   0edad0  _sew_speed         00680a
_sew_stitch        00680c  _sewing_stop       0ddb60  _sewingcontrol_f   0075ce
_sewingcontrol_s   0075cf  _sewingcontrol_t   0075d1  _sfsw_count        007578
_sfsw_flag         007579  _sfsw_power_on_d   006850  _shift_01          0dcb40
_shift_03          0dcc4a  _shift_04          0dccde  _shift_06          0dcdea
_shift_07          0dce80  _shift_09          0dcf8e  _shift_10          0dd024
_shift_12          0dcaac  _shift_flag        00756e  _shift_no_pause    00787d
_shift_reply       00756d  _sin_tab           0d3ff6  _single_back       0db130
_single_comm       00759b  _single_edit_bac   0db45c  _single_edit_nex   0db024
_single_end        0db58c  _single_flag       00756c  _single_inpress_   00759c
_single_inpresse   0db21a  _single_inpresse   0db5bc  _single_inpresse   0dad40
_single_inpresse   0db638  _single_next       0dac68  _single_reply      00756b
_single_start      0db604  _single_status     0f19e6  _single_stop       0db6a4
_single_thread_b   0db34c  _single_thread_e   0db5e0  _single_thread_n   0daeb2
_single_thread_s   0db67c  _slack_status      0f3172  _slow_flag         0074e7
_smotor_speed      007566  _sound_count       00684a  _sox_step          00679e
_soy_step          0067a2  _spd_last_value    000882  _spd_tmp           000880
_spdlimit2_tab_N   0d0b32  _special_encoder   0077ad  _special_go_allm   0075ea
_special_pause_f   00765e  _speed_down_coun   0075c6  _speed_down_stit   0075c4
_speed_min_teste   000586  _speed_up_counte   0075ca  _spi_flag          00757b
_spi_out_status    006bca  _spider_lim        006854  _spider_man        006852
_spiint            0eb4ea  _sta_point         000952  _stacoorx_step     0067b2
_stacoory_step     0067b4  _stapoint_calc     0d6386  _start_flag        0074eb
_start_sewcontro   007639  _start_to_speed_   0075c5  _status_15         0074f3
_status_now        0074f2  _stay_flag         007572  _step_curve_writ   006b8a
_step_movetype     00763a  _stepconfig_flag   0074ee  _stepmotor_comm    007568
_stepmotor_need_   0075df  _stepmotor_para    0ed39c  _stepmotor_singl   00756a
_stepmotor_state   007569  _stepper_cutter_   00765b  _stepper_cutter_   007659
_stepper_cutter_   007660  _stepper_cutter_   006a6e  _stepper_cutter_   00765a
_stepstatus1       00685a  _stepstatus2       00685c  _stepversion1      006866
_stepversion2      006868  _stepversion3      00686a  _stepversion4      00686c
_stitch_counter    00678c  _stitch_counter_   00748f  _stitch_num        00678a
_stm32_input       006bc2  _stm32_output      006bc6  _stop_flag         0074e2
_stop_number       0074e3  _stretch_foot_fl   0075a2  _stretch_foot_in   0d5c54
_stretch_foot_ou   0d5bda  _sum_rotated_ang   006902  _super_pattern_f   0075d8
_sv_offset_angle   006b9a  _svpara_buf        00690e  _svpara_disp_buf   006972
_svpara_trans_fl   007625  _synchronization   007626  _sys               000928
_sys_de_bug        006aaa  _sys_watch         0f56b0  _ta0_int           0e7b60
_tactic_flag       000582  _tactic_flag_las   000580  _tail_reinforce_   006d08
_tan_tab           0d41d8  _target_allx_ste   0068e2  _target_ally_ste   0068e6
_target_pat_poin   0068e0  _target_total_co   0068ea  _tb1_flag          0074f1
_tb3_int           0e7f3c  _tb4_int           0e7f5e  _temp_tension      006834
_temp_tension_la   006836  _tension           00682e  _tension_delta     006832
_tension_end_ang   006788  _tension_end_fla   0074df  _tension_hole      006830
_tension_start_a   006786  _tension_start_f   0074de  _test_flag         0075c7
_test_tension      006838  _test_value1       007067  _test_value2       007068
_testpin           007794  _thbrk_count       007573  _thbrk_flag        007574
_thread_break_de   0075de  _timer_x           00757c  _timer_y           00757d
_timer_yj          00757e  _timer_zx          00757f  _tra1_buf          007682
_tra1_ind_r        006b8c  _tra1_ind_w        006b8e  _trans_x           0008b8
_trans_y           0008ba  _trans_z           0008bc  _trim_action       0ee35c
_trim_motor_acti   007885  _trim_origin_pos   00759a  _trim_status       0f314c
_turnoff_buz       0dd9e2  _turnoff_led       0dd9d4  _turnoff_ledbuz    0dd9f0
_turnon_buz        0dda06  _turnon_led        0dd9f8  _u02               0074fb
_u03               0074fc  _u04               0074fd  _u05               0074fe
_u06               0074ff  _u07               007500  _u08               007501
_u09               007502  _u10               007503  _u101              00753e
_u102              007583  _u103              00753f  _u104              007540
_u105              007541  _u108              007550  _u11               007504
_u112              007542  _u12               007505  _u129              007551
_u13               007506  _u14               007507  _u15               0074f7
_u16               00752b  _u201              007508  _u202              007509
_u203              00750a  _u204              00750b  _u205              00750c
_u207              00750e  _u208              00750f  _u209              007510
_u217              007512  _u218              007513  _u219              007514
_u220              007515  _u221              007516  _u222              007517
_u223              007518  _u224              007519  _u225              00751a
_u226              00751b  _u227              00751c  _u228              00751d
_u229              00751e  _u230              00751f  _u231              007520
_u232              007521  _u233              007522  _u234              007523
_u235              007524  _u236              007525  _u245              007552
_u26               00752c  _u33               00752d  _u34               00752e
_u35               007548  _u36               007530  _u37               007531
_u38               007532  _u39               007533  _u40               007534
_u41               007535  _u42               007536  _u46               007537
_u48               007538  _u49               0074fa  _u51               00750d
_u51_pc            007881  _u68               007539  _u69               00753a
_u70               00753b  _u71               0074f9  _u72               007546
_u73               007547  _u81               007549  _u82               00754a
_u84               00754b  _u85               00754c  _u86               00754d
_u87               00754e  _u89               007543  _u91               00754f
_u94               00753c  _u97               00753d  _uart1_get_char    0f5568
_uart1_rec_int     0f4e1c  _uart1_sending_f   007877  _uart1_tra_int     0f4de8
_uart_rec_int      0dfbfc  _uart_tra_int      0dfbb0  _ui_borad_reentr   00788d
_us_counter        00095a  _valve_3_open_co   006bea  _version_check     0eb9ea
_waiting_count     0005aa  _waitoff_status    0f3126  _waitting_for_pa   00760b
_watch_initializ   0f5d1c  _wind_com          007492  _wind_status       0f16ce
_wipe_end_flag     0074db  _wipe_end_time     0074e1  _wipe_start_flag   0074da
_wipe_start_time   0074e0  _wipe_time         000958  _wiper_start_tim   007485
_wirte_stepermot   007678  _write_eeprom_pa   007679  _write_stepmotor   00767a
_x_bios            006824  _x_bios_offset     006874  _x_compensation    0068f6
_x_gear_compensa   0068fa  _x_monitor_steps   007797  _x_motor_dir       0075bb
_x_origin_offset   006a72  _x_origin_offset   00765d  _x_sensor_pos      0075fd
_x_step_configur   0d46fa  _x_step_current_   007587  _xcurrent_coordi   0067ce
_xstep_cou         00679a  _xy_move_mode      0075c8  _y_bios            006826
_y_bios_offset     006876  _y_compensation    0068f4  _y_curver_number   007607
_y_gear_compensa   0068f8  _y_monitor_steps   007798  _y_motor_dir       0075bc
_y_origin_offset   006a76  _y_step_configur   0d471a  _y_step_current_   007588
_ycurrent_coordi   0067d0  _yj_motor_dir      0077ab  _ystep_cou         00679c
_z_motor_dir       0075d4  _zpl_pass          00748e  _zpl_process       0de83a
start              0f9000  

##########################################
# (4) GLOBAL EQU SYMBOL INFORMATION      #
##########################################
__SB__           00000400  

##########################################
# (5) GLOBAL EQU BIT-SYMBOL INFORMATION  #
##########################################

##########################################
# (6) LOCAL LABEL INFORMATION            #
##########################################
@ ncrt0 ( E:\zla_git\zhongjie_si\zhongjie\v01\v01\Debug\ncrt0.r30 )
@ action ( E:\zla_git\zhongjie_si\zhongjie\v01\v01\Debug\action.r30 )
@ automatic_feeding ( E:\zla_git\zhongjie_si\zhongjie\v01\v01\Debug\automatic_feeding.r30 )
@ communication ( E:\zla_git\zhongjie_si\zhongjie\v01\v01\Debug\communication.r30 )
@ ctmotor ( E:\zla_git\zhongjie_si\zhongjie\v01\v01\Debug\ctmotor.r30 )
@ delay ( E:\zla_git\zhongjie_si\zhongjie\v01\v01\Debug\delay.r30 )
@ DS28E01-100 ( E:\zla_git\zhongjie_si\zhongjie\v01\v01\Debug\DS28E01-100.r30 )
@ easystep ( E:\zla_git\zhongjie_si\zhongjie\v01\v01\Debug\easystep.r30 )
@ iic_bus_eeprom ( E:\zla_git\zhongjie_si\zhongjie\v01\v01\Debug\iic_bus_eeprom.r30 )
@ initial ( E:\zla_git\zhongjie_si\zhongjie\v01\v01\Debug\initial.r30 )
@ inpress_follow_mainmotor ( E:\zla_git\zhongjie_si\zhongjie\v01\v01\Debug\inpress_follow_mainmotor.r30 )
@ M_debug ( E:\zla_git\zhongjie_si\zhongjie\v01\v01\Debug\M_debug.r30 )
@ main ( E:\zla_git\zhongjie_si\zhongjie\v01\v01\Debug\main.r30 )
@ motor ( E:\zla_git\zhongjie_si\zhongjie\v01\v01\Debug\motor.r30 )
@ motor_0830 ( E:\zla_git\zhongjie_si\zhongjie\v01\v01\Debug\motor_0830.r30 )
@ pattern_check ( E:\zla_git\zhongjie_si\zhongjie\v01\v01\Debug\pattern_check.r30 )
@ RC522 ( E:\zla_git\zhongjie_si\zhongjie\v01\v01\Debug\RC522.r30 )
@ servo_para ( E:\zla_git\zhongjie_si\zhongjie\v01\v01\Debug\servo_para.r30 )
@ solenoid ( E:\zla_git\zhongjie_si\zhongjie\v01\v01\Debug\solenoid.r30 )
@ step_motor_drv ( E:\zla_git\zhongjie_si\zhongjie\v01\v01\Debug\step_motor_drv.r30 )
@ system ( E:\zla_git\zhongjie_si\zhongjie\v01\v01\Debug\system.r30 )
@ uart1 ( E:\zla_git\zhongjie_si\zhongjie\v01\v01\Debug\uart1.r30 )
@ variables ( E:\zla_git\zhongjie_si\zhongjie\v01\v01\Debug\variables.r30 )
@ watch ( E:\zla_git\zhongjie_si\zhongjie\v01\v01\Debug\watch.r30 )
@ _f4add ( C:\Renesas\NC30WA\V540R00\lib30\nc30lib.lib )
@ _f4div ( C:\Renesas\NC30WA\V540R00\lib30\nc30lib.lib )
@ _f4le ( C:\Renesas\NC30WA\V540R00\lib30\nc30lib.lib )
@ _f4mul ( C:\Renesas\NC30WA\V540R00\lib30\nc30lib.lib )
@ _f4sub ( C:\Renesas\NC30WA\V540R00\lib30\nc30lib.lib )
@ _f4tof8 ( C:\Renesas\NC30WA\V540R00\lib30\nc30lib.lib )
@ _f4toi4u ( C:\Renesas\NC30WA\V540R00\lib30\nc30lib.lib )
@ _f8add ( C:\Renesas\NC30WA\V540R00\lib30\nc30lib.lib )
@ _f8div ( C:\Renesas\NC30WA\V540R00\lib30\nc30lib.lib )
@ _f8lt ( C:\Renesas\NC30WA\V540R00\lib30\nc30lib.lib )
@ _f8ltor ( C:\Renesas\NC30WA\V540R00\lib30\nc30lib.lib )
@ _f8mul ( C:\Renesas\NC30WA\V540R00\lib30\nc30lib.lib )
@ _f8tof4 ( C:\Renesas\NC30WA\V540R00\lib30\nc30lib.lib )
@ _f8toi4u ( C:\Renesas\NC30WA\V540R00\lib30\nc30lib.lib )
@ _ftol ( C:\Renesas\NC30WA\V540R00\lib30\nc30lib.lib )
@ _i4div ( C:\Renesas\NC30WA\V540R00\lib30\nc30lib.lib )
@ _i4divu ( C:\Renesas\NC30WA\V540R00\lib30\nc30lib.lib )
@ _i4i2div ( C:\Renesas\NC30WA\V540R00\lib30\nc30lib.lib )
@ _i4i2dvu ( C:\Renesas\NC30WA\V540R00\lib30\nc30lib.lib )
@ _i4mulu ( C:\Renesas\NC30WA\V540R00\lib30\nc30lib.lib )
@ _i4tof8 ( C:\Renesas\NC30WA\V540R00\lib30\nc30lib.lib )
@ _i4utof4 ( C:\Renesas\NC30WA\V540R00\lib30\nc30lib.lib )
@ _i4utof8 ( C:\Renesas\NC30WA\V540R00\lib30\nc30lib.lib )
@ _ltof ( C:\Renesas\NC30WA\V540R00\lib30\nc30lib.lib )
@ _mbase ( C:\Renesas\NC30WA\V540R00\lib30\nc30lib.lib )
@ bcopy ( C:\Renesas\NC30WA\V540R00\lib30\nc30lib.lib )
@ bzero ( C:\Renesas\NC30WA\V540R00\lib30\nc30lib.lib )
@ mdata ( C:\Renesas\NC30WA\V540R00\lib30\nc30lib.lib )
@ memcpy ( C:\Renesas\NC30WA\V540R00\lib30\nc30lib.lib )
@ memset ( C:\Renesas\NC30WA\V540R00\lib30\nc30lib.lib )
@ rand ( C:\Renesas\NC30WA\V540R00\lib30\nc30lib.lib )
@ _f4ltor ( C:\Renesas\NC30WA\V540R00\lib30\nc30lib.lib )
@ _f4rtol ( C:\Renesas\NC30WA\V540R00\lib30\nc30lib.lib )
@ _f8rtol ( C:\Renesas\NC30WA\V540R00\lib30\nc30lib.lib )

##########################################
# (7) LOCAL EQU SYMBOL INFORMATION       #
##########################################
@ ncrt0 ( E:\zla_git\zhongjie_si\zhongjie\v01\v01\Debug\ncrt0.r30 )
@ action ( E:\zla_git\zhongjie_si\zhongjie\v01\v01\Debug\action.r30 )
@ automatic_feeding ( E:\zla_git\zhongjie_si\zhongjie\v01\v01\Debug\automatic_feeding.r30 )
@ communication ( E:\zla_git\zhongjie_si\zhongjie\v01\v01\Debug\communication.r30 )
@ ctmotor ( E:\zla_git\zhongjie_si\zhongjie\v01\v01\Debug\ctmotor.r30 )
@ delay ( E:\zla_git\zhongjie_si\zhongjie\v01\v01\Debug\delay.r30 )
@ DS28E01-100 ( E:\zla_git\zhongjie_si\zhongjie\v01\v01\Debug\DS28E01-100.r30 )
@ easystep ( E:\zla_git\zhongjie_si\zhongjie\v01\v01\Debug\easystep.r30 )
@ iic_bus_eeprom ( E:\zla_git\zhongjie_si\zhongjie\v01\v01\Debug\iic_bus_eeprom.r30 )
@ initial ( E:\zla_git\zhongjie_si\zhongjie\v01\v01\Debug\initial.r30 )
@ inpress_follow_mainmotor ( E:\zla_git\zhongjie_si\zhongjie\v01\v01\Debug\inpress_follow_mainmotor.r30 )
@ M_debug ( E:\zla_git\zhongjie_si\zhongjie\v01\v01\Debug\M_debug.r30 )
@ main ( E:\zla_git\zhongjie_si\zhongjie\v01\v01\Debug\main.r30 )
@ motor ( E:\zla_git\zhongjie_si\zhongjie\v01\v01\Debug\motor.r30 )
@ motor_0830 ( E:\zla_git\zhongjie_si\zhongjie\v01\v01\Debug\motor_0830.r30 )
@ pattern_check ( E:\zla_git\zhongjie_si\zhongjie\v01\v01\Debug\pattern_check.r30 )
@ RC522 ( E:\zla_git\zhongjie_si\zhongjie\v01\v01\Debug\RC522.r30 )
@ servo_para ( E:\zla_git\zhongjie_si\zhongjie\v01\v01\Debug\servo_para.r30 )
@ solenoid ( E:\zla_git\zhongjie_si\zhongjie\v01\v01\Debug\solenoid.r30 )
@ step_motor_drv ( E:\zla_git\zhongjie_si\zhongjie\v01\v01\Debug\step_motor_drv.r30 )
@ system ( E:\zla_git\zhongjie_si\zhongjie\v01\v01\Debug\system.r30 )
@ uart1 ( E:\zla_git\zhongjie_si\zhongjie\v01\v01\Debug\uart1.r30 )
@ variables ( E:\zla_git\zhongjie_si\zhongjie\v01\v01\Debug\variables.r30 )
@ watch ( E:\zla_git\zhongjie_si\zhongjie\v01\v01\Debug\watch.r30 )
@ _f4add ( C:\Renesas\NC30WA\V540R00\lib30\nc30lib.lib )
@ _f4div ( C:\Renesas\NC30WA\V540R00\lib30\nc30lib.lib )
@ _f4le ( C:\Renesas\NC30WA\V540R00\lib30\nc30lib.lib )
@ _f4mul ( C:\Renesas\NC30WA\V540R00\lib30\nc30lib.lib )
@ _f4sub ( C:\Renesas\NC30WA\V540R00\lib30\nc30lib.lib )
@ _f4tof8 ( C:\Renesas\NC30WA\V540R00\lib30\nc30lib.lib )
@ _f4toi4u ( C:\Renesas\NC30WA\V540R00\lib30\nc30lib.lib )
@ _f8add ( C:\Renesas\NC30WA\V540R00\lib30\nc30lib.lib )
@ _f8div ( C:\Renesas\NC30WA\V540R00\lib30\nc30lib.lib )
@ _f8lt ( C:\Renesas\NC30WA\V540R00\lib30\nc30lib.lib )
@ _f8ltor ( C:\Renesas\NC30WA\V540R00\lib30\nc30lib.lib )
@ _f8mul ( C:\Renesas\NC30WA\V540R00\lib30\nc30lib.lib )
@ _f8tof4 ( C:\Renesas\NC30WA\V540R00\lib30\nc30lib.lib )
@ _f8toi4u ( C:\Renesas\NC30WA\V540R00\lib30\nc30lib.lib )
@ _ftol ( C:\Renesas\NC30WA\V540R00\lib30\nc30lib.lib )
@ _i4div ( C:\Renesas\NC30WA\V540R00\lib30\nc30lib.lib )
@ _i4divu ( C:\Renesas\NC30WA\V540R00\lib30\nc30lib.lib )
@ _i4i2div ( C:\Renesas\NC30WA\V540R00\lib30\nc30lib.lib )
@ _i4i2dvu ( C:\Renesas\NC30WA\V540R00\lib30\nc30lib.lib )
@ _i4mulu ( C:\Renesas\NC30WA\V540R00\lib30\nc30lib.lib )
@ _i4tof8 ( C:\Renesas\NC30WA\V540R00\lib30\nc30lib.lib )
@ _i4utof4 ( C:\Renesas\NC30WA\V540R00\lib30\nc30lib.lib )
@ _i4utof8 ( C:\Renesas\NC30WA\V540R00\lib30\nc30lib.lib )
@ _ltof ( C:\Renesas\NC30WA\V540R00\lib30\nc30lib.lib )
@ _mbase ( C:\Renesas\NC30WA\V540R00\lib30\nc30lib.lib )
@ bcopy ( C:\Renesas\NC30WA\V540R00\lib30\nc30lib.lib )
@ bzero ( C:\Renesas\NC30WA\V540R00\lib30\nc30lib.lib )
@ mdata ( C:\Renesas\NC30WA\V540R00\lib30\nc30lib.lib )
@ memcpy ( C:\Renesas\NC30WA\V540R00\lib30\nc30lib.lib )
@ memset ( C:\Renesas\NC30WA\V540R00\lib30\nc30lib.lib )
@ rand ( C:\Renesas\NC30WA\V540R00\lib30\nc30lib.lib )
@ _f4ltor ( C:\Renesas\NC30WA\V540R00\lib30\nc30lib.lib )
@ _f4rtol ( C:\Renesas\NC30WA\V540R00\lib30\nc30lib.lib )
@ _f8rtol ( C:\Renesas\NC30WA\V540R00\lib30\nc30lib.lib )

##########################################
# (8) LOCAL EQU BIT-SYMBOL INFORMATION   #
##########################################
@ ncrt0 ( E:\zla_git\zhongjie_si\zhongjie\v01\v01\Debug\ncrt0.r30 )
@ action ( E:\zla_git\zhongjie_si\zhongjie\v01\v01\Debug\action.r30 )
@ automatic_feeding ( E:\zla_git\zhongjie_si\zhongjie\v01\v01\Debug\automatic_feeding.r30 )
@ communication ( E:\zla_git\zhongjie_si\zhongjie\v01\v01\Debug\communication.r30 )
@ ctmotor ( E:\zla_git\zhongjie_si\zhongjie\v01\v01\Debug\ctmotor.r30 )
@ delay ( E:\zla_git\zhongjie_si\zhongjie\v01\v01\Debug\delay.r30 )
@ DS28E01-100 ( E:\zla_git\zhongjie_si\zhongjie\v01\v01\Debug\DS28E01-100.r30 )
@ easystep ( E:\zla_git\zhongjie_si\zhongjie\v01\v01\Debug\easystep.r30 )
@ iic_bus_eeprom ( E:\zla_git\zhongjie_si\zhongjie\v01\v01\Debug\iic_bus_eeprom.r30 )
@ initial ( E:\zla_git\zhongjie_si\zhongjie\v01\v01\Debug\initial.r30 )
@ inpress_follow_mainmotor ( E:\zla_git\zhongjie_si\zhongjie\v01\v01\Debug\inpress_follow_mainmotor.r30 )
@ M_debug ( E:\zla_git\zhongjie_si\zhongjie\v01\v01\Debug\M_debug.r30 )
@ main ( E:\zla_git\zhongjie_si\zhongjie\v01\v01\Debug\main.r30 )
@ motor ( E:\zla_git\zhongjie_si\zhongjie\v01\v01\Debug\motor.r30 )
@ motor_0830 ( E:\zla_git\zhongjie_si\zhongjie\v01\v01\Debug\motor_0830.r30 )
@ pattern_check ( E:\zla_git\zhongjie_si\zhongjie\v01\v01\Debug\pattern_check.r30 )
@ RC522 ( E:\zla_git\zhongjie_si\zhongjie\v01\v01\Debug\RC522.r30 )
@ servo_para ( E:\zla_git\zhongjie_si\zhongjie\v01\v01\Debug\servo_para.r30 )
@ solenoid ( E:\zla_git\zhongjie_si\zhongjie\v01\v01\Debug\solenoid.r30 )
@ step_motor_drv ( E:\zla_git\zhongjie_si\zhongjie\v01\v01\Debug\step_motor_drv.r30 )
@ system ( E:\zla_git\zhongjie_si\zhongjie\v01\v01\Debug\system.r30 )
@ uart1 ( E:\zla_git\zhongjie_si\zhongjie\v01\v01\Debug\uart1.r30 )
@ variables ( E:\zla_git\zhongjie_si\zhongjie\v01\v01\Debug\variables.r30 )
@ watch ( E:\zla_git\zhongjie_si\zhongjie\v01\v01\Debug\watch.r30 )
@ _f4add ( C:\Renesas\NC30WA\V540R00\lib30\nc30lib.lib )
@ _f4div ( C:\Renesas\NC30WA\V540R00\lib30\nc30lib.lib )
@ _f4le ( C:\Renesas\NC30WA\V540R00\lib30\nc30lib.lib )
@ _f4mul ( C:\Renesas\NC30WA\V540R00\lib30\nc30lib.lib )
@ _f4sub ( C:\Renesas\NC30WA\V540R00\lib30\nc30lib.lib )
@ _f4tof8 ( C:\Renesas\NC30WA\V540R00\lib30\nc30lib.lib )
@ _f4toi4u ( C:\Renesas\NC30WA\V540R00\lib30\nc30lib.lib )
@ _f8add ( C:\Renesas\NC30WA\V540R00\lib30\nc30lib.lib )
@ _f8div ( C:\Renesas\NC30WA\V540R00\lib30\nc30lib.lib )
@ _f8lt ( C:\Renesas\NC30WA\V540R00\lib30\nc30lib.lib )
@ _f8ltor ( C:\Renesas\NC30WA\V540R00\lib30\nc30lib.lib )
@ _f8mul ( C:\Renesas\NC30WA\V540R00\lib30\nc30lib.lib )
@ _f8tof4 ( C:\Renesas\NC30WA\V540R00\lib30\nc30lib.lib )
@ _f8toi4u ( C:\Renesas\NC30WA\V540R00\lib30\nc30lib.lib )
@ _ftol ( C:\Renesas\NC30WA\V540R00\lib30\nc30lib.lib )
@ _i4div ( C:\Renesas\NC30WA\V540R00\lib30\nc30lib.lib )
@ _i4divu ( C:\Renesas\NC30WA\V540R00\lib30\nc30lib.lib )
@ _i4i2div ( C:\Renesas\NC30WA\V540R00\lib30\nc30lib.lib )
@ _i4i2dvu ( C:\Renesas\NC30WA\V540R00\lib30\nc30lib.lib )
@ _i4mulu ( C:\Renesas\NC30WA\V540R00\lib30\nc30lib.lib )
@ _i4tof8 ( C:\Renesas\NC30WA\V540R00\lib30\nc30lib.lib )
@ _i4utof4 ( C:\Renesas\NC30WA\V540R00\lib30\nc30lib.lib )
@ _i4utof8 ( C:\Renesas\NC30WA\V540R00\lib30\nc30lib.lib )
@ _ltof ( C:\Renesas\NC30WA\V540R00\lib30\nc30lib.lib )
@ _mbase ( C:\Renesas\NC30WA\V540R00\lib30\nc30lib.lib )
@ bcopy ( C:\Renesas\NC30WA\V540R00\lib30\nc30lib.lib )
@ bzero ( C:\Renesas\NC30WA\V540R00\lib30\nc30lib.lib )
@ mdata ( C:\Renesas\NC30WA\V540R00\lib30\nc30lib.lib )
@ memcpy ( C:\Renesas\NC30WA\V540R00\lib30\nc30lib.lib )
@ memset ( C:\Renesas\NC30WA\V540R00\lib30\nc30lib.lib )
@ rand ( C:\Renesas\NC30WA\V540R00\lib30\nc30lib.lib )
@ _f4ltor ( C:\Renesas\NC30WA\V540R00\lib30\nc30lib.lib )
@ _f4rtol ( C:\Renesas\NC30WA\V540R00\lib30\nc30lib.lib )
@ _f8rtol ( C:\Renesas\NC30WA\V540R00\lib30\nc30lib.lib )

