##########################################
# (1) LINK INFORMATION                   #
##########################################
C:\Renesas\NC30WA\V540R00\bin\ln30.exe @E:\zla_git\zhongjie_si\zhongjie\v01\v01\Debug\v01.m16cl

# LINK FILE INFORMATION
ncrt0 (E:\zla_git\zhongjie_si\zhongjie\v01\v01\Debug\ncrt0.r30)
	Dec 26 14:35:00 2018

action (E:\zla_git\zhongjie_si\zhongjie\v01\v01\Debug\action.r30)
	Dec 26 14:34:44 2018

communication (E:\zla_git\zhongjie_si\zhongjie\v01\v01\Debug\communication.r30)
	Dec 26 14:34:45 2018

ctmotor (E:\zla_git\zhongjie_si\zhongjie\v01\v01\Debug\ctmotor.r30)
	Dec 26 14:34:46 2018

delay (E:\zla_git\zhongjie_si\zhongjie\v01\v01\Debug\delay.r30)
	Dec 26 14:34:47 2018

DS28E01-100 (E:\zla_git\zhongjie_si\zhongjie\v01\v01\Debug\DS28E01-100.r30)
	Dec 26 14:34:40 2018

easystep (E:\zla_git\zhongjie_si\zhongjie\v01\v01\Debug\easystep.r30)
	Dec 26 14:34:47 2018

iic_bus_eeprom (E:\zla_git\zhongjie_si\zhongjie\v01\v01\Debug\iic_bus_eeprom.r30)
	Dec 26 14:34:48 2018

initial (E:\zla_git\zhongjie_si\zhongjie\v01\v01\Debug\initial.r30)
	Dec 26 14:34:49 2018

inpress_follow_mainmotor (E:\zla_git\zhongjie_si\zhongjie\v01\v01\Debug\inpress_follow_mainmotor.r30)
	Dec 26 14:34:50 2018

M_debug (E:\zla_git\zhongjie_si\zhongjie\v01\v01\Debug\M_debug.r30)
	Dec 26 14:34:41 2018

main (E:\zla_git\zhongjie_si\zhongjie\v01\v01\Debug\main.r30)
	Dec 26 14:34:51 2018

motor (E:\zla_git\zhongjie_si\zhongjie\v01\v01\Debug\motor.r30)
	Dec 26 14:34:52 2018

motor_0830 (E:\zla_git\zhongjie_si\zhongjie\v01\v01\Debug\motor_0830.r30)
	Dec 26 14:34:52 2018

pattern_check (E:\zla_git\zhongjie_si\zhongjie\v01\v01\Debug\pattern_check.r30)
	Dec 26 14:34:53 2018

RC522 (E:\zla_git\zhongjie_si\zhongjie\v01\v01\Debug\RC522.r30)
	Dec 26 14:34:41 2018

servo_para (E:\zla_git\zhongjie_si\zhongjie\v01\v01\Debug\servo_para.r30)
	Dec 26 14:34:54 2018

solenoid (E:\zla_git\zhongjie_si\zhongjie\v01\v01\Debug\solenoid.r30)
	Dec 26 14:34:55 2018

step_motor_drv (E:\zla_git\zhongjie_si\zhongjie\v01\v01\Debug\step_motor_drv.r30)
	Dec 26 14:34:56 2018

system (E:\zla_git\zhongjie_si\zhongjie\v01\v01\Debug\system.r30)
	Dec 26 14:34:58 2018

uart1 (E:\zla_git\zhongjie_si\zhongjie\v01\v01\Debug\uart1.r30)
	Dec 26 14:34:59 2018

variables (E:\zla_git\zhongjie_si\zhongjie\v01\v01\Debug\variables.r30)
	Dec 26 14:34:59 2018

watch (E:\zla_git\zhongjie_si\zhongjie\v01\v01\Debug\watch.r30)
	Dec 26 14:35:00 2018

_f4add (C:\Renesas\NC30WA\V540R00\lib30\nc30lib.lib)
	Dec  8 19:42:55 2005

_f4div (C:\Renesas\NC30WA\V540R00\lib30\nc30lib.lib)
	Dec  8 19:42:55 2005

_f4le (C:\Renesas\NC30WA\V540R00\lib30\nc30lib.lib)
	Dec  8 19:42:56 2005

_f4mul (C:\Renesas\NC30WA\V540R00\lib30\nc30lib.lib)
	Dec  8 19:42:56 2005

_f4sub (C:\Renesas\NC30WA\V540R00\lib30\nc30lib.lib)
	Dec  8 19:42:57 2005

_f4tof8 (C:\Renesas\NC30WA\V540R00\lib30\nc30lib.lib)
	Dec  8 19:42:57 2005

_f4toi4u (C:\Renesas\NC30WA\V540R00\lib30\nc30lib.lib)
	Dec  8 19:42:57 2005

_f8add (C:\Renesas\NC30WA\V540R00\lib30\nc30lib.lib)
	Dec  8 19:42:58 2005

_f8div (C:\Renesas\NC30WA\V540R00\lib30\nc30lib.lib)
	Dec  8 19:42:58 2005

_f8lt (C:\Renesas\NC30WA\V540R00\lib30\nc30lib.lib)
	Dec  8 19:42:59 2005

_f8ltor (C:\Renesas\NC30WA\V540R00\lib30\nc30lib.lib)
	Dec  8 19:42:59 2005

_f8mul (C:\Renesas\NC30WA\V540R00\lib30\nc30lib.lib)
	Dec  8 19:42:59 2005

_f8tof4 (C:\Renesas\NC30WA\V540R00\lib30\nc30lib.lib)
	Dec  8 19:43:00 2005

_f8toi4u (C:\Renesas\NC30WA\V540R00\lib30\nc30lib.lib)
	Dec  8 19:43:00 2005

_ftol (C:\Renesas\NC30WA\V540R00\lib30\nc30lib.lib)
	Dec  8 19:43:00 2005

_i4div (C:\Renesas\NC30WA\V540R00\lib30\nc30lib.lib)
	Dec  8 19:43:01 2005

_i4divu (C:\Renesas\NC30WA\V540R00\lib30\nc30lib.lib)
	Dec  8 19:43:01 2005

_i4i2div (C:\Renesas\NC30WA\V540R00\lib30\nc30lib.lib)
	Dec  8 19:43:01 2005

_i4i2dvu (C:\Renesas\NC30WA\V540R00\lib30\nc30lib.lib)
	Dec  8 19:43:01 2005

_i4mulu (C:\Renesas\NC30WA\V540R00\lib30\nc30lib.lib)
	Dec  8 19:43:02 2005

_i4tof8 (C:\Renesas\NC30WA\V540R00\lib30\nc30lib.lib)
	Dec  8 19:43:02 2005

_i4utof4 (C:\Renesas\NC30WA\V540R00\lib30\nc30lib.lib)
	Dec  8 19:43:02 2005

_i4utof8 (C:\Renesas\NC30WA\V540R00\lib30\nc30lib.lib)
	Dec  8 19:43:02 2005

_ltof (C:\Renesas\NC30WA\V540R00\lib30\nc30lib.lib)
	Dec  8 19:43:04 2005

_mbase (C:\Renesas\NC30WA\V540R00\lib30\nc30lib.lib)
	Dec  8 19:43:04 2005

bcopy (C:\Renesas\NC30WA\V540R00\lib30\nc30lib.lib)
	Dec  8 19:43:07 2005

bzero (C:\Renesas\NC30WA\V540R00\lib30\nc30lib.lib)
	Dec  8 19:43:07 2005

mdata (C:\Renesas\NC30WA\V540R00\lib30\nc30lib.lib)
	Dec  8 19:43:18 2005

memcpy (C:\Renesas\NC30WA\V540R00\lib30\nc30lib.lib)
	Dec  8 19:43:19 2005

memset (C:\Renesas\NC30WA\V540R00\lib30\nc30lib.lib)
	Dec  8 19:43:20 2005

rand (C:\Renesas\NC30WA\V540R00\lib30\nc30lib.lib)
	Dec  8 19:43:31 2005

_f4ltor (C:\Renesas\NC30WA\V540R00\lib30\nc30lib.lib)
	Dec  8 19:42:56 2005

_f4rtol (C:\Renesas\NC30WA\V540R00\lib30\nc30lib.lib)
	Dec  8 19:42:57 2005

_f8rtol (C:\Renesas\NC30WA\V540R00\lib30\nc30lib.lib)
	Dec  8 19:42:59 2005


##########################################
# (2) SECTION INFORMATION                #
##########################################
# SECTION                        ATR TYPE    START  LENGTH ALIGN MODULENAME
data_SE                          ABS DATA    000400 000000       ncrt0
bss_SE                           REL DATA    000400 000000 2     ncrt0
data_SO                          REL DATA    000400 000000       ncrt0
bss_SO                           REL DATA    000400 000000       ncrt0
data_NE                          REL DATA    000400 000000 2     ncrt0
                                 REL DATA    000400 000148 2     DS28E01-100
                                 REL DATA    000548 000002 2     inpress_follow_mainmotor
                                 REL DATA    00054A 000014 2     motor
                                 REL DATA    00055E 00001A 2     RC522
                                 REL DATA    000578 000014 2     variables
                                 REL DATA    00058C 000002 2     watch
                                 REL DATA    00058E 000010 2     mdata
                                 REL DATA    00059E 000004 2     rand
bss_NE                           REL DATA    0005A2 000000 2     ncrt0
                                 REL DATA    0005A2 0000E2 2     communication
                                 REL DATA    000684 0001C4 2     DS28E01-100
                                 REL DATA    000848 00005C 2     motor
                                 REL DATA    0008A4 000014 2     RC522
                                 REL DATA    0008B8 00002E 2     step_motor_drv
                                 REL DATA    0008E6 000040 2     uart1
                                 REL DATA    000926 00638E 2     variables
                                 REL DATA    006CB4 0000FC 2     watch
                                 REL DATA    006DB0 000004 2     _mbase
                                 REL DATA    006DB4 000008 2     mdata
data_NO                          REL DATA    006DBC 000000       ncrt0
                                 REL DATA    006DBC 000002       action
                                 REL DATA    006DBE 000002       inpress_follow_mainmotor
                                 REL DATA    006DC0 000001       motor
                                 REL DATA    006DC1 000001       system
                                 REL DATA    006DC2 000012       variables
bss_NO                           REL DATA    006DD4 000000       ncrt0
                                 REL DATA    006DD4 000001       action
                                 REL DATA    006DD5 00020A       communication
                                 REL DATA    006FDF 000004       DS28E01-100
                                 REL DATA    006FE3 000305       inpress_follow_mainmotor
                                 REL DATA    0072E8 000006       motor
                                 REL DATA    0072EE 000006       step_motor_drv
                                 REL DATA    0072F4 000001       system
                                 REL DATA    0072F5 000100       uart1
                                 REL DATA    0073F5 0003F3       variables
                                 REL DATA    0077E8 00000A       watch
stack                            REL DATA    0077F2 000700       ncrt0
heap                             REL DATA    007EF2 000400       ncrt0
rom_NE                           REL ROMDATA 0082F2 000000 2     ncrt0
rom_NO                           REL ROMDATA 0082F2 000000       ncrt0
data_FE                          ABS DATA    010000 000000       ncrt0
bss_FE                           REL DATA    010000 000000 2     ncrt0
data_FO                          REL DATA    010000 000000       ncrt0
bss_FO                           REL DATA    010000 000000       ncrt0
rom_FE                           ABS ROMDATA 0D0000 000000       ncrt0
                                 REL ROMDATA 0D0000 0042EE 2     action
                                 REL ROMDATA 0D42EE 000704 2     motor
                                 REL ROMDATA 0D49F2 00014C 2     step_motor_drv
rom_FO                           REL ROMDATA 0D4B3E 000000       ncrt0
                                 REL ROMDATA 0D4B3E 000398       action
                                 REL ROMDATA 0D4ED6 000013       step_motor_drv
data_SEI                         REL ROMDATA 0D4EE9 000000       ncrt0
data_SOI                         REL ROMDATA 0D4EE9 000000       ncrt0
data_NEI                         REL ROMDATA 0D4EE9 000000       ncrt0
                                 REL ROMDATA 0D4EE9 000148       DS28E01-100
                                 REL ROMDATA 0D5031 000002       inpress_follow_mainmotor
                                 REL ROMDATA 0D5033 000014       motor
                                 REL ROMDATA 0D5047 00001A       RC522
                                 REL ROMDATA 0D5061 000014       variables
                                 REL ROMDATA 0D5075 000002       watch
                                 REL ROMDATA 0D5077 000010       mdata
                                 REL ROMDATA 0D5087 000004       rand
data_NOI                         REL ROMDATA 0D508B 000000       ncrt0
                                 REL ROMDATA 0D508B 000002       action
                                 REL ROMDATA 0D508D 000002       inpress_follow_mainmotor
                                 REL ROMDATA 0D508F 000001       motor
                                 REL ROMDATA 0D5090 000001       system
                                 REL ROMDATA 0D5091 000012       variables
data_FEI                         REL ROMDATA 0D50A3 000000       ncrt0
data_FOI                         REL ROMDATA 0D50A3 000000       ncrt0
program                          REL CODE    0D50A3 000000       ncrt0
                                 REL CODE    0D50A4 00AE9D 2     action
                                 REL CODE    0DFF42 003AA1 2     communication
                                 REL CODE    0E39E4 0001C8 2     ctmotor
                                 REL CODE    0E3BAC 000062 2     delay
                                 REL CODE    0E3C0E 0013A1 2     DS28E01-100
                                 REL CODE    0E4FB0 001511 2     iic_bus_eeprom
                                 REL CODE    0E64C2 000A82 2     initial
                                 REL CODE    0E6F44 000768 2     inpress_follow_mainmotor
                                 REL CODE    0E76AC 0000CE 2     M_debug
                                 REL CODE    0E777A 000791 2     main
                                 REL CODE    0E7F0C 00261C 2     motor
                                 REL CODE    0EA528 000636 2     pattern_check
                                 REL CODE    0EAB5E 00074F 2     RC522
                                 REL CODE    0EB2AE 00005F 2     solenoid
                                 REL CODE    0EB30E 00281B 2     step_motor_drv
                                 REL CODE    0EDB2A 006C89 2     system
                                 REL CODE    0F47B4 0008A8 2     uart1
                                 REL CODE    0F505C 0007FE 2     watch
                                 REL CODE    0F585A 000611 2     _f4add
                                 REL CODE    0F5E6C 0001E9 2     _f4div
                                 REL CODE    0F6056 000081 2     _f4le
                                 REL CODE    0F60D8 000199 2     _f4mul
                                 REL CODE    0F6272 00001B 2     _f4sub
                                 REL CODE    0F628E 000086 2     _f4tof8
                                 REL CODE    0F6314 000025 2     _f4toi4u
                                 REL CODE    0F633A 000913 2     _f8add
                                 REL CODE    0F6C4E 0002C9 2     _f8div
                                 REL CODE    0F6F18 0000A7 2     _f8lt
                                 REL CODE    0F6FC0 000054 2     _f8ltor
                                 REL CODE    0F7014 0002C7 2     _f8mul
                                 REL CODE    0F72DC 0000B3 2     _f8tof4
                                 REL CODE    0F7390 000025 2     _f8toi4u
                                 REL CODE    0F73B6 000111 2     _ftol
                                 REL CODE    0F74C8 000083 2     _i4div
                                 REL CODE    0F754C 00004D 2     _i4divu
                                 REL CODE    0F759A 000041 2     _i4i2div
                                 REL CODE    0F75DC 000011 2     _i4i2dvu
                                 REL CODE    0F75EE 00001C 2     _i4mulu
                                 REL CODE    0F760A 000022 2     _i4tof8
                                 REL CODE    0F762C 000022 2     _i4utof4
                                 REL CODE    0F764E 000022 2     _i4utof8
                                 REL CODE    0F7670 0000D4 2     _ltof
                                 REL CODE    0F7744 000035 2     bcopy
                                 REL CODE    0F777A 000028 2     bzero
                                 REL CODE    0F77A2 00004F 2     memcpy
                                 REL CODE    0F77F2 000041 2     memset
                                 REL CODE    0F7834 000033 2     rand
                                 REL CODE    0F7868 000046 2     _f4ltor
                                 REL CODE    0F78AE 00003E 2     _f4rtol
                                 REL CODE    0F78EC 000041 2     _f8rtol
program_S                        REL CODE    0F792D 000000       ncrt0
interrupt                        ABS CODE    0F9000 000000       ncrt0
                                 REL CODE    0F9000 000130       ncrt0
vector                           ABS CODE    0F9200 0000C0       ncrt0
fvector                          REL CODE    0F92C0 000000       ncrt0
# Total -------------------------------------------------------------------
                                     DATA           007EF2(0032498) Byte(s)
                                     ROMDATA        0050A3(0020643) Byte(s)
                                     CODE           022A7A(0141946) Byte(s)

##########################################
# (3) GLOBAL LABEL INFORMATION           #
##########################################
$ByteRead          0e51a8  $ByteWrite         0e513a  $CalulateCRC       0eaeb0
$ClearBitMask      0eafa8  $IicBusRead        0e4fba  $IicBusWrite       0e5062
$IsChangeNopMove   0ea876  $IsChangeSewSpee   0ea836  $IsCutCode         0ea728
$IsInflectionPoi   0ea7f6  $IsLaserEndCode    0ea8a6  $IsLaserStartCod   0ea906
$IsNopMoveCode     0ea7b8  $IsPatternEndCod   0ea6fa  $IsPatternStartC   0ea6ce
$IsPenEndCode      0ea966  $IsPenStartCode    0ea9c4  $IsRotateCutterE   0eaa24
$IsRotateCutterS   0eaabe  $IsRotateCutterS   0eaa72  $IsSewCode         0ea766
$PBP_Line          0dfbda  $PcdAnticoll       0eabc2  $PcdAuthState      0eacbe
$PcdComMF522       0eafca  $PcdRead           0ead2c  $PcdRequest        0eab5e
$PcdSelect         0eac4c  $PcdWrite          0ead8c  $ReadRawRC         0f501e
$SetBitMask        0eaf86  $UpdateCrc         0eae64  $WriteRawRC        0f503a
$_f4ltor           0f7868  $_f4rtol           0f78ae  $_f8ltor           0f6fc0
$_f8rtol           0f78ec  $_ftol             0f73b6  $_ltof             0f7670
$add_one_action    0dfb9e  $adjust_xy_time    0d773e  $backwords_after   0ee254
$cal_crc16         0f493e  $cal_forward       0e84a4  $cal_pid_p_stop    0e8bf6
$cal_pid_s         0e8836  $cal_spd_ref       0e9198  $calculate_inpre   0d6514
$calculate_posit   0e6f44  $check_data        0d6860  $check_move_code   0ea604
$check_subsequen   0ea528  $crc_calcu         0ed75e  $delay_ms          0e3bac
$delay_us          0e3bd8  $exit              0f912d  $find_a_bobbin_c   0ecdc8
$follow_inpress_   0e73f6  $go_beginpoint     0d973e  $go_origin_bobbi   0eca82
$go_yj             0d58f2  $inpress_down      0d5ec2  $inpress_to        0d5eee
$inpress_to_fors   0d5ffe  $int2string        0e53ba  $m_start           0e8cf0
$memset            0f77f2  $motor_stop        0e94dc  $movestep_cs3      0ec8ce
$movestep_ct       0ebd86  $movestep_lct      0ebe90  $movestep_x        0ebac4
$movestep_x2       0eb8e2  $movestep_x3       0eb9f0  $movestep_y        0ebcc4
$movestep_y2       0ebad2  $movestep_y3       0ebbe8  $movestep_yj       0ebcd2
$movestep_zx       0ebf8e  $multipule_progr   0eda40  $multipule_progr   0edad0
$nop_move_emerge   0ec898  $output_cs3        0eca22  $process_marking   0edb42
$process_nop_mov   0ee2f8  $protocol          0e017a  $quickmove_y       0ec3f0
$quickmove_y2      0ec2ce  $read_multipule_   0edab0  $read_par          0e5296
$read_para_group   0e5312  $read_stepmotor_   0ed6fc  $read_stepmotor_   0ed7b6
$select_dsp        0ed4bc  $send_dsp1_comma   0ed5be  $send_dsp1_comma   0ed514
$send_dsp2_comma   0ed5d6  $send_dsp3_comma   0ed5ee  $send_dsp4_comma   0ed606
$send_dsp_comman   0ed558  $send_dsp_comman   0ed5a0  $send_multipule_   0eda60
$set_control_loc   0e39a2  $set_func_code_i   0e76ea  $set_protocol_us   0e7768
$sew_nomove        0df138  $special_sewing    0ded2c  $spi_err_dis       0eb352
$srand             0f785e  $string2int        0e53a0  $test_nop_emerge   0e76ac
$tra1_com          0f48d6  $tra_com           0e0066  $uart1_send_char   0f4fb2
$verify            0e0040  $verify_code       0e397a  $write_par         0e52d4
$write_para_grou   0e5358  $write_stepmotor   0ed6b6  $write_stepmotor   0ed808
$zoom_in_one_sti   0df324  _AUTO_SEARCH_STA   007594  _AdjustAngle       0067d8
_AdjustAngleSet    0067d0  _AreaDivisionFla   00741b  _CRC16             0006c4
_CRC8              006fe0  _Calculate_Quick   0d9162  _CancelAllCoorFl   007427
_CancelAllXCoor    00678a  _CancelAllYCoor    00678c  _CancelOverlabPo   00743b
_Corner_decelera   0068aa  _CourseBackStart   0073f6  _CurrentPointShi   007439
_CurrentPointShi   0067a2  _CurrentXCoor      00679a  _CurrentYCoor      00679c
_DAActionCounter   006814  _DAActionFlag      007502  _DEADPOINT         006a34
_DRV_DATA_LEN      0075aa  _DVALastState      00743e  _DVA_action_done   007542
_DVA_scan_counte   007541  _DVA_scan_flag     007540  _DVBLastState      00743d
_DVSMLastState     007403  _DefaultKey        000572  _DelayCounter      000578
_DelayMsCount      0067a6  _DelayTime         00057c  _DestinationPoin   0067a4
_DeviceSecret      000420  _DisMotorAngle     0067d6  _ENABLE_BOBBIN_C   007598
_EditElementComm   00743a  _EditEntranceFla   007436  _ElectronicClamp   007419
_ElectronicClamp   00741a  _ElementIndex      007432  _ElementIndexLat   007433
_ElementNumber     006794  _ElementPointFla   007431  _EncoderZ_flag     00746b
_EndStyleChooseF   00742b  _Entropy           006fe2  _ExtensionSecret   000400
_FL_pwm_action_f   0076f9  _FL_pwm_counter    0076fa  _FL_pwm_period     006b42
_FindZeroFlag      00746a  _FootNumber        007508  _FootRotateFlag    00743f
_FootUpCom         00743c  _HighSpeedStitch   007534  _IniFlag           0073f5
_InpressAbsolute   007411  _InpressHighCont   007410  _InpressHighRela   007422
_InpressHighRela   007423  _InpresserIni_fl   006dd3  _InputFlag         007414
_InputNumber       007415  _Judge_Quadrant    0dfb60  _K227              0076f7
_KnifeDriveFlag    00741c  _KnifeStyle        00741d  _LastNopMoveFlag   00742c
_MotionSet         007440  _MotiongSetFlag    007441  _MotorPositionSe   00740f
_MotorSpeedRigis   007426  _MotorStuckCount   000952  _MoveStartAngle1   0d0bf0
_MoveStartAngle2   0d102a  _MoveStartAngleT   0d3116  _MoveStartAngleT   0d1cfa
_MoveStartAngleT   0d1132  _MoveStartAngleT   0d3902  _MoveStartAngleT   0d2708
_MoveStartAngleT   0d1716  _MoveStartAngle_   0d10ae  _MoveStartAngle_   0d10f0
_MoveStartAngle_   0d106c  _MoveTime1_Speed   0d4b3e  _MoveTime2_Speed   0d4e52
_MoveTimeSpeedTa   0d365e  _MoveTimeSpeedTa   0d23ae  _MoveTimeSpeedTa   0d3e4a
_MoveTimeSpeedTa   0d2dbc  _MoveTime_Limtit   0d4e31  _MoveTime_Speed_   0d4e94
_MoveTime_Speed_   0d4eb5  _MoveTime_k04_3    0d4e73  _MoveToCurrentCo   007435
_NopMoveElement    006790  _NopMoveSpd_flag   00744a  _NopmoveFuncFlag   007420
_NopmoveSpeed      007421  _OW_Buffer         006fdf  _OW_RomID          006c3a
_OW_check          0e4ef0  _OW_random         0e4f7a  _OW_status         0e4f42
_OutOfRange_flag   007402  _OutputFlag        007412  _OutputNumber      007413
_PORG_action_fla   00751d  _PatEnd            006dc5  _PatStart          006dc2
_PattenrDelayTim   006788  _PatternDelayFla   007416  _PatternShiftVal   006798
_PcdAntennaOff     0eb158  _PcdAntennaOn      0eb136  _PcdHalt           0eae34
_PcdReset          0eaeee  _PointShiftDirec   00742a  _PointShiftFlag    007429
_PointShiftNumbe   00678e  _RFID_SCAN         0eb192  _RFID_initial      0eb164
_ROTATED_CUTTER    007596  _Rfid_Nom          006b52  _RotateFlag        007417
_SEND_SERVO_PARA   007595  _SHAVM_Hash        0006c6  _SHAVM_MAC         0006da
_SHAVM_Message     000684  _SPI_init          0eb30e  _SUPPORT_CS3_FUN   007597
_SewDataFlag       007430  _SewStitchCounte   00742d  _SewTestStitchCo   006796
_SewingElement     006792  _SewingReverse     0df160  _SewingSpeedFlag   00741e
_SewingSpeedValu   00741f  _SewingStopFlag    007424  _SewingStopValue   007425
_SewingTestEndFl   007437  _ShapePointFlag    00742f  _SingleManualFla   00742e
_StartCondition    0e50de  _StatusChangeLat   007438  _Step1Version      006dc8
_Step2Version      006dcd  _StepDrive1Versi   00679e  _StepDrive2Versi   0067a0
_StitchStartFlag   007465  _StitchUpFlag      007428  _StopCondition     0e510e
_StopStatusFlag    007442  _TaccTmp           000884  _Tension3thFlag    007418
_TestStatusChang   007434  _X2_tab            0d40ee  _X_AXIS_ORGIN_EN   007593
_XorgLast          007559  _YorgLast          00755a  _ZJ_8060           007592
__WaitTime0us      0e5238  __WaitTime1us      0e523e  __WaitTime2us      0e524a
__WaitTime6ms      0e5272  __f4add            0f585a  __f4div            0f5e6c
__f4le             0f6056  __f4mul            0f60d8  __f4sub            0f6272
__f4tof8           0f628e  __f4toi4U          0f6314  __f8add            0f633a
__f8div            0f6c4e  __f8lt             0f6f18  __f8mul            0f7014
__f8tof4           0f72dc  __f8toi4U          0f7390  __i4Utof4          0f762c
__i4Utof8          0f764e  __i4div            0f74c8  __i4divU           0f754c
__i4i2div          0f759a  __i4i2divU         0f75dc  __i4mulU           0f75ee
__i4tof8           0f760a  __mbase            006db0  __memt             000596
__mnext            006db4  __msize            006db8  __nop_stich        006c4a
__num              0077df  __pool             00058e  __speed_array      006c50
__time             006c4e  __x                006c42  __y                006c46
_acc_spd_tab_con   0d49d2  _acc_tactic        0e8b40  _adtc_count        0074ec
_adtc_flag         0074ed  _aging_com         0074f0  _aging_delay       0074bb
_aging_flag        0074ba  _alarm_output_en   007552  _alarm_thread_le   00688c
_alarmbuz_flag     0074e6  _alarmled_flag     0074e5  _allct_step        0067b6
_allin_step        0067b4  _allow             007501  _allx_edit_step    006744
_allx_step         00673c  _allx_step_temp    006780  _ally_edit_step    006746
_ally_step         006740  _ally_step_temp    006784  _allyj_step        0067b2
_already_auto_fi   00757e  _already_find_st   0075db  _already_in_orig   007556
_angle_tab         0d08d0  _at_solenoid       0eb2e4  _atan_tab          0d48d0
_auto_enable_cat   0076fc  _auto_function_f   007518  _auto_origin_mod   007571
_auto_select_fla   007517  _autosewing_allo   0075d1  _autosewing_alls   0075d0
_autosewing_cont   0075cf  _autosewing_offs   0076fe  _autosewing_swit   0075d2
_back_edit_start   0dbae4  _back_endpoint     0daf4e  _back_startpoint   0dbab4
_bakeup_total_co   006876  _bar_coder_refre   0076f0  _bar_coder_refre   0076ee
_baseline_alarm_   00755c  _baseline_alarm_   00689c  _bcopy             0f7744
_before_down_spe   006824  _blow_air_counte   0069f4  _blow_air_enable   00759f
_blow_air_flag     0075a0  _bobbin_case_ala   00758e  _bobbin_case_arm   00757a
_bobbin_case_arm   00757c  _bobbin_case_cur   007583  _bobbin_case_dum   0068b2
_bobbin_case_ena   00757f  _bobbin_case_ino   0068b8  _bobbin_case_mot   0ecf58
_bobbin_case_onc   00758c  _bobbin_case_pla   00757b  _bobbin_case_pla   00757d
_bobbin_case_res   00758f  _bobbin_case_scr   0068ba  _bobbin_case_sto   00758d
_bobbin_case_swi   007577  _bobbin_case_swi   007578  _bobbin_case_wor   0ecfc8
_bobbin_case_wor   007579  _bobbin_change_s   0f46f6  _bobbin_platefor   0075d5
_bottom_thread_a   007548  _bottom_thread_r   006884  _brkdt_flag        0074eb
_bzero             0f777a  _calculae_arctan   0dfdf0  _calculate_angle   0d7888
_calculate_flag    007460  _calculate_quick   0d91c2  _cfg_inpress_hol   0077e3
_chang_parameter   007712  _check_DSP3_inpu   0ed61e  _check_autosewin   0ed6a6
_check_bottom_re   0d973c  _check_bottom_th   007546  _check_data_spee   006856
_check_flag        00745e  _check_motion_do   0ed2ba  _check_output_pa   0dfd86
_check_sewing_ra   0dfac2  _check_valve1_fl   0075d6  _check_valve2_fl   0075d7
_check_valve3_fl   0075d8  _check_valve4_fl   0075b3  _check_valve5_fl   0075b4
_check_valve6_fl   0075d9  _check_yj_done     0ec3fe  _checki03_status   0f2c66
_checki04_status   0f2d8c  _checki05_status   0f2eea  _checki06_status   0f319a
_checki07_status   0f3336  _checki08_status   0f3536  _checki10_action   0077dc
_checki10_action   0077dd  _checki10_follow   0077db  _checki10_status   0f36ba
_checki11_action   007586  _checki11_item     007584  _checki11_output   007587
_checki11_status   0f3b5a  _checki11_status   0f3838  _checki11_test_f   007585
_clamp_backstep1   0e3aea  _clamp_backstep2   0e3b02  _clamp_com         0074a5
_clamp_flag        007401  _clamp_in          0e3ae2  _clamp_out         0e3a8e
_clamp_stepflag    007466  _com_error         0e396e  _com_monitor_cod   007701
_com_refresh_fla   007700  _commandpoint_co   007407  _comx_polar_step   00676c
_comx_step         006758  _comy_polar_step   00676e  _comy_step         00675c
_config_para       0d4b12  _config_stepmoto   0eb7d0  _confirm_barcode   006a1e
_connect_flag      007462  _conprocess_data   0da336  _conprocess_edit   0da4e6
_conprocess_sewi   0da97a  _cool_air_1_sec    00687e  _cool_air_action   00687c
_cool_air_action   007544  _cool_air_close_   006880  _cool_air_counte   00687a
_cool_air_open_t   006882  _coor_com          00740c  _cooradjust_com    00740d
_cooradjustx_ste   006770  _cooradjustxtota   006774  _cooradjusty_ste   006772
_cooradjustytota   006776  _coordisxtotal_s   006778  _coordisytotal_s   00677a
_cos_tab           0d46d0  _counter           006dbc  _counter1          006dbd
_counter_1ms       006a20  _counter_wait_co   0075a2  _course_back       0dc708
_course_back_sto   0dc8d4  _course_edit_bac   0dcd46  _course_edit_con   0dce5a
_course_edit_con   0dc55c  _course_edit_nex   0dc372  _course_inpresse   0dca6c
_course_inpresse   0dc080  _course_next       0dbe7a  _course_next_fla   00751f
_course_run_stop   0074d8  _course_stop       0dcfec  _course_thread_b   0dcbde
_course_thread_n   0dc1fa  _course_thread_r   0074d9  _cpy_para_buff     0e5b68
_crc1              006b60  _crc2              006b62  _crc3              006b64
_crc_value         006b36  _ct_bump_action_   0075be  _ct_bump_counter   006a0c
_ct_bump_working   006a0e  _ct_holding_step   00689a  _curpat_have_ori   00740e
_currentpyx_step   006768  _currentpyy_step   00676a  _cut_code_check_   0077e5
_cut_control_fla   007511  _cut_count         0067f4  _cut_end_angle     006732
_cut_end_flag      00744f  _cut_flag          00744c  _cut_start_angle   006730
_cut_start_flag    00744e  _cut_test_flag     007545  _cutter_angle_ad   006b96
_cutter_current_   0d4af2  _cutter_function   0075b2  _cutter_motoer_r   0075b6
_cutter_motor_in   006a10  _cutter_output_t   007553  _cutter_protect_   006b40
_cutter_protect_   0076f8  _cutter_rotated_   0069fa  _cutter_speed_do   0075de
_cutter_syn_coun   0075bd  _cutter_syn_dela   0075c3  _cutter_test_cnt   0075ca
_da0_release_con   0068ac  _da0_release_fla   00756f  _da0_sewing_dela   006cb2
_da0_sewing_dela   0077e7  _data2             00056e  _data_length_drv   0075a8
_de_bug            0075ab  _debug_counter     0075ea  _debug_dsp_flag    0075c7
_debug_para1       006a24  _debug_para2       006a28  _debug_read_poin   0075e8
_debug_write_poi   0075e9  _delay_before_in   006b54  _delay_process     0f4506
_detect_position   0de20a  _dither_tactic     0e8b56  _do_pat_point_ad   0df61c
_do_pat_point_su   0df640  _door_ac           000588  _door_dt           00058a
_double_xy_time_   0075e6  _download_drv_fl   0075a6  _download_dsp_cu   0f470c
_download_multip   0f4780  _download_status   0f457c  _downloaddsp_sta   0f45ec
_drill_motor_cou   006a00  _drill_motor_pwm   0069fe  _drill_motor_run   0069fc
_drill_motor_upd   0075e7  _drv_satus         0069f8  _dscrc_table       000428
_dsp3_input_valu   006a02  _dsp3_moto1_dire   0075cc  _e                 006dc0
_edit_status       0f2758  _emergency         0ddf78  _emergency_resta   0077cf
_emermove_high     0067f0  _emermove_status   0f3b82  _emerstop_status   0f1e90
_enable_footer_u   0076ed  _enable_inpress_   0075b9  _enable_stop_in_   007554
_enable_thread_b   007557  _end_flag          00745a  _erase_falg        0075a9
_error_status      0f0b8a  _exit              0f912d  _fall_back_tacti   0e8be0
_fd                000844  _find_communicat   007514  _find_dead_cente   0d60fe
_find_dead_point   0d61ca  _find_deadpoint_   0074fc  _find_laser_star   0077d0
_find_start_poin   0dfab2  _find_start_poin   0df676  _find_up_positio   0d6240
_find_x_origin_c   006a2c  _find_zero         0d62b6  _findorigin_flag   00746e
_finish_nopmove_   007558  _finish_status     0f2ab0  _first_enter_che   0077e6
_first_select_fl   007520  _first_start_fla   007717  _first_stitch_fl   00745c
_fk_count          0067f6  _fk_cut            0074db  _fk_status         0074da
_flag1             0077e2  _flag_1ms          0073f7  _flag_start_wait   0075a1
_flag_wait_com     0075a3  _flash_buz         0ddf68  _flash_led         0ddf58
_follow_inpress_   0e74a4  _foot_2step_flag   0074fa  _foot_2step_star   0074fb
_foot_com          00740a  _foot_count        0074d7  _foot_down         0d5b8e
_foot_flag         0073fe  _foot_half_down    0d5bc6  _foot_half_flag    0073ff
_foot_half_up      0d5aee  _foot_step_confi   0d4a52  _foot_step_confi   0d4a92
_foot_step_confi   0d4ab2  _foot_step_curre   007500  _foot_up           0d5ac2
_footer_both_dow   0d5be8  _footer_both_up    0d5b0e  _footer_procedur   0d5c58
_formwork_identi   007524  _frame_start_cou   00770a  _frame_start_fla   00770b
_free_status       0ee568  _front2stitchs_t   00756a  _fw_solenoid       0eb2ae
_g_ucTempbuf       0008a4  _get               000846  _get_IORG_status   0edaee
_get_bobbin_case   0ed69e  _get_func_debug_   0e7706  _get_para_from_e   0e6236
_get_stepper_cut   0edb0c  _get_x_distance    0ec87a  _get_y_distance    0ec888
_go_commandpoint   0de598  _go_manualpoint    0de29c  _go_origin_allmo   0d58fe
_go_origin_ct      0e39e6  _go_origin_speed   00752c  _go_origin_x       0d5522
_go_origin_x1      0d5308  _go_origin_xy      0d51f4  _go_origin_y       0d553a
_go_origin_zx      0d50a4  _go_original_fla   007529  _go_setout_speed   00752d
_go_setoutpoint    0ddc18  _go_sewingtest_b   0da026  _go_startpoint     0d632c
_id_alarm_counte   00689e  _id_alarm_flag     00755e  _id_pattern        0068a0
_identify_mode     007570  _identify_patter   0ee046  _indraft_control   006a0a
_indraft_control   0075bc  _inflection_poin   0075ec  _initIicBus        0e4fb0
_init_ad           0e64f8  _init_clk          0e653a  _init_comm         0dff6a
_init_ct           0e39e4  _init_da           0e6524  _init_eeprom       0e526e
_init_io           0e6594  _init_motor        0e7f1c  _init_para_varia   0e6366
_init_stepmotor_   0eb77a  _init_ta0          0e64c2  _init_tb0          0e7f0c
_init_tb3          0e64d4  _init_tb4          0e64e6  _init_uart0        0dff42
_init_uart1        0f4806  _init_uart1_RC52   0f4f84  _init_var          0e6614
_init_watch        0f505c  _initial           0e6e5e  _initial_mainmot   0de478
_initial_uart1_v   0f47b4  _inpress_act_fla   007512  _inpress_com       00740b
_inpress_delta     0067ec  _inpress_end_fla   007453  _inpress_flag      007400
_inpress_follow_   006a04  _inpress_follow_   006a2e  _inpress_follow_   0d0324
_inpress_follow_   0d03a8  _inpress_follow_   0d042c  _inpress_follow_   0d04b0
_inpress_follow_   0d0534  _inpress_follow_   0d05b8  _inpress_follow_   0d063c
_inpress_follow_   0d06c0  _inpress_follow_   0d0744  _inpress_follow_   0d07c8
_inpress_follow_   0d084c  _inpress_follow_   0075b7  _inpress_follow_   0075d3
_inpress_follow_   0d4b5b  _inpress_follow_   0d4b9d  _inpress_follow_   0d4bdf
_inpress_follow_   0d4c21  _inpress_follow_   0d4c63  _inpress_follow_   0d4ca5
_inpress_follow_   0d4ce7  _inpress_follow_   0d4d29  _inpress_follow_   0d4d6b
_inpress_follow_   0d4dad  _inpress_follow_   0d4def  _inpress_follow_   0075cd
_inpress_follow_   007709  _inpress_follow_   006a08  _inpress_follow_   006a32
_inpress_follow_   0077e1  _inpress_follow_   006a06  _inpress_follow_   006a30
_inpress_follow_   0d0366  _inpress_follow_   0d03ea  _inpress_follow_   0d046e
_inpress_follow_   0d04f2  _inpress_follow_   0d0576  _inpress_follow_   0d05fa
_inpress_follow_   0d067e  _inpress_follow_   0d0702  _inpress_follow_   0d0786
_inpress_follow_   0d080a  _inpress_follow_   0d088e  _inpress_follow_   0075b8
_inpress_follow_   0075d4  _inpress_follow_   0d4b7c  _inpress_follow_   0d4bbe
_inpress_follow_   0d4c00  _inpress_follow_   0d4c42  _inpress_follow_   0d4c84
_inpress_follow_   0d4cc6  _inpress_follow_   0d4d08  _inpress_follow_   0d4d4a
_inpress_follow_   0d4d8c  _inpress_follow_   0d4dce  _inpress_follow_   0d4e10
_inpress_high      0067e8  _inpress_high_ho   0067ea  _inpress_litter_   006b5e
_inpress_litter_   007714  _inpress_litter_   007715  _inpress_not_wor   007708
_inpress_para      006fe3  _inpress_port      00755b  _inpress_positio   0067ee
_inpress_positio   006caa  _inpress_real_de   0067f2  _inpress_start_f   007452
_inpress_status    0f12e8  _inpress_step_co   0d4a32  _inpress_step_co   0d4a72
_inpress_step_co   0d4ad2  _inpress_step_cu   0074ff  _inpress_tab       0d0200
_inpress_tab2      0d0292  _inpress_time      0073f8  _inpress_type      00756b
_inpress_up        0d5ea2  _int0_int          0e946a  _int1_int          0f57e2
_int2_int          0f5814  _iq_max_tester     000584  _jump_to_begin     0ed43e
_k01               007487  _k02               00749c  _k03               0074d5
_k04               0074d6  _k05               00755f  _k06               007509
_k07               007510  _k100              0074d2  _k110              00749d
_k111              0067ce  _k112              00750a  _k113              00750b
_k114              00750c  _k115              007513  _k131              0074d3
_k150              0074d4  _k165              00759c  _k166              0069f2
_k167              007599  _k168              00759a  _k169              00759b
_k170              00759d  _k171              00759e  _k21               007560
_k22               007561  _k23               007562  _k24               007563
_k25               007564  _k26               007565  _k27               007566
_k28               007567  _k31               0074c9  _k43               0067bc
_k52               0073fc  _k53               0074ca  _k54               0074cb
_k56               0067be  _k57               0067c2  _k58               0067c6
_k59               0067ca  _k60               0074a0  _k61               0067da
_k63               0074cc  _k67               0074cd  _k74               0074ce
_k75               0074cf  _k92               00749e  _k93               00749f
_k95               0074d0  _k98               0074d1  _laser_already_b   0077d1
_laser_cutter_ac   0076ec  _laser_emergency   0077ce  _laser_fun_delay   006a36
_laser_fun_delay   0075dc  _laser_offset_x    006b3a  _laser_offset_y    006b3c
_laser_power_err   0075e0  _laser_power_on_   006a46  _laser_power_on_   0076f1
_laser_power_on_   0075df  _laser_preturnon   006a38  _laser_preturnon   0075dd
_laser_test_flag   0076f2  _last1_speed       0075bf  _last2_speed       0075c0
_last3_speed       0075c1  _last4_speed       0075c2  _last_allx_step    00686a
_last_ally_step    00686e  _last_direction    00756c  _last_max_length   006802
_last_pattern_nu   006828  _last_pattern_po   006868  _last_rotated_di   0075b5
_last_speed        0067b0  _last_temp_speed   006804  _last_x_directio   00756d
_lastmove_flag     007448  _laststitch_flag   00744d  _led_light_adjus   007528
_m_spd_n           006818  _m_spd_n_last      00681a  _m_spd_ref_n       006816
_m_status          0074f6  _machine_stop_fl   00745b  _main              0e777a
_main_control_lo   0077d4  _main_control_lo   0077d5  _making_pen_acto   0077d7
_making_pen_stat   0077d8  _manual_status     0f1a54  _manx_step         006754
_many_step         006756  _marking_finish_   007523  _marking_flag      007522
_marking_pen_sto   0edb2a  _marking_speed     007521  _memcpy            0f77a2
_milling_cutter_   007573  _milling_cutter_   007575  _milling_first_m   007574
_monitor_allx_st   006a3c  _monitor_ally_st   006a40  _monitor_cutter_   006b98
_monitor_pat_poi   006a3a  _monitor_point     006b5c  _monitor_refresh   0075e1
_monitor_tabx_ti   007710  _monitor_taby_ti   007711  _monitor_x_step    00770c
_monitor_x_time    00770e  _monitor_y_step    00770d  _monitor_y_time    00770f
_motor             00092c  _motor_control     0e952a  _motor_para        00680a
_motor_start       0e9494  _motor_stuck_fla   00746c  _motorconfig_fla   007463
_move_back         0dbd1a  _move_ct           0e3b24  _move_edit_start   0dbe56
_move_flag         007443  _move_next         0dbc1c  _move_startpoint   0dbe14
_move_xy           0deaa2  _movect_angle      0067ae  _movestep_angle    0067a8
_movestep_x_flag   007446  _movestep_y_flag   007447  _movestepx_angle   0067aa
_movestepx_delay   00754b  _movestepy_angle   0067ac  _movestepy_delay   00754c
_movex_flag        007444  _movexy_delay_co   00750e  _movexy_delay_fl   00750f
_movey_flag        007445  _movezx_delay_co   0075bb  _movezx_delay_fl   0075ba
_ms_counter        000954  _ms_scan_counter   006b56  _multipule_io_st   0f4770
_need_action_onc   00753d  _need_action_two   00753e  _need_backward_s   00753b
_needle_status     0f2b80  _new_pattern_don   00751c  _noedit_status     0f2a96
_nop_move_contro   0069f6  _nop_move_pause_   007538  _nop_move_remain   006860
_nop_move_remain   006864  _nop_move_speed    00752e  _nopmove_flag      00744b
_normal_control    0e8a76  _oil_empty_alarm   0076ef  _one_step_delay    00682e
_one_step_delay_   0dcff0  _one_step_run_fl   0077de  _open_or_close_l   007547
_opl_origin_flag   007525  _origin2_lastmov   007449  _origin2x_step     006764
_origin2y_step     006766  _origin_com        007406  _origin_com_afte   007551
_output_com        0074dd  _over_counter      006a44  _over_spd_flag     0074f8
_ow_status         006fe1  _para              007719  _para5             006b9a
_para7             006c64  _para_catch_dela   006b4c  _para_confirm      0ddfea
_para_right_barc   006b4a  _para_x_take_off   006b48  _para_x_take_off   006b50
_para_y_backward   006b4e  _pat_buf           00095a  _pat_buff_total_   006874
_pat_buff_write_   006872  _pat_offset        006878  _pat_point         00094e
_pattern_chage_r   006a14  _pattern_change_   006832  _pattern_change_   00751b
_pattern_change_   00751a  _pattern_delay     007519  _pattern_id_dela   007569
_pattern_number    006826  _pause_active_le   0075eb  _pause_count       0067fc
_pause_flag        0074e7  _pause_stop        0de0be  _pedal_last_stat   0073fa
_pedal_state       0073f9  _pedal_style       0073fd  _pen_x_bios_offs   006b58
_pen_y_bios_offs   006b5a  _power_off_count   0067fa  _power_on_ask_fo   0076fb
_power_on_first_   0076fd  _power_on_laser_   0077d3  _power_on_ready    00754f
_poweroff_status   0f13fe  _powr_on_zx_flag   007713  _pre_run_conditi   0f4306
_predit_shift      006dd2  _preedit_status    0f1efe  _prewind_status    0f0f2e
_printf_uart       0f4ade  _process_bottom_   0deaa0  _process_data      0d7ff2
_process_edit_da   0d8c84  _process_flag      00745f  _process_sewingt   0d86fc
_pwm_forbid_flag   0074f7  _pwm_int           0e809a  _quickmove_x       0ec2be
_quickmove_x2      0ec120  _quickmove_x_pro   0ec50a  _quickmove_y_pro   0ec75e
_quickmove_yj_pr   0ec41a  _quickmove_z_pro   0ec5fa  _rand              0f7834
_ratio_array       006834  _rc522_control_f   007706  _rc522_write_fal   007704
_rc522_write_ret   007705  _rc_write_data     00055e  _read_step_x       006858
_read_step_y       00685c  _read_stepmotor_   0ed288  _read_stepmotor_   0ed3ee
_readback_crc_va   006b38  _ready_go_setout   007515  _ready_status      0ee7d0
_rec1_com          0f49ce  _rec1_datalength   006a4a  _rec1_package_le   006a4c
_rec1_status_mac   0075e2  _rec1_total_coun   006b34  _rec_buf           006eae
_rec_com           0e00e2  _rec_status        006fdb  _recieve_flag      0075a7
_recieve_x         0008be  _recieve_y         0008c0  _recieve_z         0008c2
_recpat_point      00672e  _refresh_para_fl   006dbe  _release_poweron   00755d
_release_tension   00756e  _release_tension   007536  _release_tension   007537
_release_tension   0075ce  _remain_stitchs    006b46  _remote_control_   0077d6
_remove_01         0dd70a  _remove_03         0dd7f0  _remove_04         0dd866
_remove_06         0dd94c  _remove_07         0dd9c4  _remove_09         0ddaaa
_remove_10         0ddb22  _remove_12         0dd692  _remove_stop       0ddc08
_repeat_com        007409  _repeat_pattern    0de276  _requery_dsp1_st   0eda30
_reset_panel       0de46a  _restore_para_fr   0e53e0  _return_from_pre   007550
_return_from_set   007516  _return_origin_f   00751e  _rfid_config_fla   007707
_rfid_debug_flag   0077d9  _rfid_read_write   0f4782  _rfid_wr_ret       0e38e4
_rotated_cutter_   007582  _rotated_cutter_   0dfd46  _rotated_cutter_   007580
_rotated_cutter_   0068ae  _rotated_cutter_   006b92  _rotated_cutter_   0068b4
_rotated_cutter_   0077d2  _rotated_cutter_   007581  _rotated_cutter_   0068b6
_run_status        0ef4ba  _running_overflo   007503  _running_overflo   007504
_second_point_pa   0075da  _second_start_co   00754e  _second_start_sw   00754d
_send_command      0005ac  _send_stepmotor_   0ed3b0  _send_stepmotor_   0ed2d0
_serail_config_f   00752b  _serail_module_s   00752a  _serail_number     006830
_set_default_len   006888  _set_uart1_debug   0f4834  _setout_status     0f1c7c
_setup_stepper_m   0ed8d2  _sew_speed         0067b8  _sew_stitch        0067ba
_sewing_stop       0de0a4  _sewingcontrol_f   007539  _sewingcontrol_s   00753a
_sewingcontrol_t   00753c  _sfsw_count        0074ee  _sfsw_flag         0074ef
_shift_01          0dd0a2  _shift_03          0dd1ac  _shift_04          0dd240
_shift_06          0dd34c  _shift_07          0dd3e2  _shift_09          0dd4f0
_shift_10          0dd586  _shift_12          0dd00e  _shift_flag        0074e4
_shift_no_pause    0077e0  _shift_reply       0074e3  _sin_tab           0d42ee
_single_back       0db692  _single_comm       007506  _single_edit_bac   0db9be
_single_edit_nex   0db586  _single_end        0dbaee  _single_flag       0074e2
_single_inpress_   007507  _single_inpresse   0db77c  _single_inpresse   0dbb1e
_single_inpresse   0db2a2  _single_inpresse   0dbb9a  _single_next       0db1ca
_single_reply      0074e1  _single_start      0dbb66  _single_status     0f147e
_single_stop       0dbc06  _single_thread_b   0db8ae  _single_thread_e   0dbb42
_single_thread_n   0db414  _single_thread_s   0dbbde  _slack_status      0f2c0a
_slow_flag         00745d  _smotor_speed      0074dc  _sound_count       0067f8
_sox_step          00674c  _soy_step          006750  _spd_last_value    000882
_spd_tmp           000880  _spdlimit1_tab     0d0000  _spdlimit2_tab_8   0d0c2a
_spdlimit2_tab_N   0d0e2a  _special_encoder   007718  _special_go_allm   007555
_special_pause_f   0075c9  _speed_down_coun   007531  _speed_down_stit   00752f
_speed_min_teste   000586  _speed_up_counte   007535  _spi_flag          0074f1
_spi_out_status    006b6e  _spider_lim        006800  _spider_man        0067fe
_spiint            0eb390  _sta_point         000950  _stacoorx_step     006760
_stacoory_step     006762  _stapoint_calc     0d64c0  _start_flag        007461
_start_sewcontro   0075a4  _start_to_speed_   007530  _status_15         007469
_status_now        007468  _stay_flag         0074e8  _step_curve_writ   006b2e
_step_movetype     0075a5  _stepconfig_flag   007464  _stepmotor_comm    0074de
_stepmotor_need_   00754a  _stepmotor_para    0ed21a  _stepmotor_singl   0074e0
_stepmotor_state   0074df  _stepper_cutter_   0075c6  _stepper_cutter_   0075c4
_stepper_cutter_   0075cb  _stepper_cutter_   006a12  _stepper_cutter_   0075c5
_stepstatus1       006806  _stepstatus2       006808  _stepversion1      00681c
_stepversion2      00681e  _stepversion3      006820  _stepversion4      006822
_stitch_counter    00673a  _stitch_counter_   007405  _stitch_num        006738
_stm32_input       006b66  _stm32_output      006b6a  _stop_flag         007458
_stop_number       007459  _stretch_foot_fl   00750d  _stretch_foot_in   0d5e3c
_stretch_foot_ou   0d5dc2  _sum_rotated_ang   0068b0  _super_pattern_f   007543
_sv_offset_angle   006b3e  _svpara_buf        0068bc  _svpara_disp_buf   006920
_svpara_trans_fl   007590  _synchronization   007591  _sys               000926
_sys_de_bug        006a4e  _sys_watch         0f5114  _ta0_int           0e7b20
_tactic_flag       000582  _tactic_flag_las   000580  _tail_reinforce_   006cac
_tan_tab           0d44d0  _target_allx_ste   006890  _target_ally_ste   006894
_target_pat_poin   00688e  _target_total_co   006898  _tb1_flag          007467
_tb3_int           0e7ee0  _tb4_int           0e7f02  _temp_tension      0067e2
_temp_tension_la   0067e4  _tension           0067dc  _tension_delta     0067e0
_tension_end_ang   006736  _tension_end_fla   007455  _tension_hole      0067de
_tension_start_a   006734  _tension_start_f   007454  _test_flag         007532
_test_tension      0067e6  _test_value1       006fdd  _test_value2       006fde
_testpin           0076ff  _thbrk_count       0074e9  _thbrk_flag        0074ea
_thread_break_de   007549  _timer_x           0074f2  _timer_y           0074f3
_timer_yj          0074f4  _timer_zx          0074f5  _tra1_buf          0075ed
_tra1_ind_r        006b30  _tra1_ind_w        006b32  _trans_x           0008b8
_trans_y           0008ba  _trans_z           0008bc  _trim_action       0ee0e0
_trim_origin_pos   007505  _trim_status       0f2be4  _turnoff_buz       0ddf26
_turnoff_led       0ddf18  _turnoff_ledbuz    0ddf34  _turnon_buz        0ddf4a
_turnon_led        0ddf3c  _u02               007471  _u03               007472
_u04               007473  _u05               007474  _u06               007475
_u07               007476  _u08               007477  _u09               007478
_u10               007479  _u101              0074b4  _u102              0074f9
_u103              0074b5  _u104              0074b6  _u105              0074b7
_u108              0074c6  _u11               00747a  _u112              0074b8
_u12               00747b  _u129              0074c7  _u13               00747c
_u14               00747d  _u15               00746d  _u16               0074a1
_u201              00747e  _u202              00747f  _u203              007480
_u204              007481  _u205              007482  _u207              007484
_u208              007485  _u209              007486  _u217              007488
_u218              007489  _u219              00748a  _u220              00748b
_u221              00748c  _u222              00748d  _u223              00748e
_u224              00748f  _u225              007490  _u226              007491
_u227              007492  _u228              007493  _u229              007494
_u230              007495  _u231              007496  _u232              007497
_u233              007498  _u234              007499  _u235              00749a
_u236              00749b  _u245              0074c8  _u26               0074a2
_u33               0074a3  _u34               0074a4  _u35               0074be
_u36               0074a6  _u37               0074a7  _u38               0074a8
_u39               0074a9  _u40               0074aa  _u41               0074ab
_u42               0074ac  _u46               0074ad  _u48               0074ae
_u49               007470  _u51               007483  _u51_pc            0077e4
_u68               0074af  _u69               0074b0  _u70               0074b1
_u71               00746f  _u72               0074bc  _u73               0074bd
_u81               0074bf  _u82               0074c0  _u84               0074c1
_u85               0074c2  _u86               0074c3  _u87               0074c4
_u89               0074b9  _u91               0074c5  _u94               0074b2
_u97               0074b3  _uart1_get_char    0f4fda  _uart1_rec_int     0f489a
_uart1_sending_f   0077da  _uart1_tra_int     0f4866  _uart_rec_int      0e000a
_uart_tra_int      0dffbe  _us_counter        000958  _valve_3_open_co   006b8e
_version_check     0eb88c  _waiting_count     0005aa  _waitoff_status    0f2bbe
_waitting_for_pa   007576  _watch_initializ   0f5774  _wind_com          007408
_wind_status       0f118e  _wipe_end_flag     007451  _wipe_end_time     007457
_wipe_start_flag   007450  _wipe_start_time   007456  _wipe_time         000956
_wiper_start_tim   0073fb  _wirte_stepermot   0075e3  _write_eeprom_pa   0075e4
_write_stepmotor   0075e5  _x_bios            0067d2  _x_bios_offset     00682a
_x_compensation    0068a4  _x_gear_compensa   0068a8  _x_monitor_steps   007702
_x_motor_dir       007526  _x_origin_offset   006a16  _x_origin_offset   0075c8
_x_sensor_pos      007568  _x_step_configur   0d49f2  _x_step_current_   0074fd
_xcurrent_coordi   00677c  _xstep_cou         006748  _xy_move_mode      007533
_y_bios            0067d4  _y_bios_offset     00682c  _y_compensation    0068a2
_y_curver_number   007572  _y_gear_compensa   0068a6  _y_monitor_steps   007703
_y_motor_dir       007527  _y_origin_offset   006a1a  _y_step_configur   0d4a12
_y_step_current_   0074fe  _ycurrent_coordi   00677e  _yj_motor_dir      007716
_ystep_cou         00674a  _z_motor_dir       00753f  _zpl_pass          007404
_zpl_process       0decde  start              0f9000  

##########################################
# (4) GLOBAL EQU SYMBOL INFORMATION      #
##########################################
__SB__           00000400  

##########################################
# (5) GLOBAL EQU BIT-SYMBOL INFORMATION  #
##########################################

##########################################
# (6) LOCAL LABEL INFORMATION            #
##########################################
@ ncrt0 ( E:\zla_git\zhongjie_si\zhongjie\v01\v01\Debug\ncrt0.r30 )
@ action ( E:\zla_git\zhongjie_si\zhongjie\v01\v01\Debug\action.r30 )
@ communication ( E:\zla_git\zhongjie_si\zhongjie\v01\v01\Debug\communication.r30 )
@ ctmotor ( E:\zla_git\zhongjie_si\zhongjie\v01\v01\Debug\ctmotor.r30 )
@ delay ( E:\zla_git\zhongjie_si\zhongjie\v01\v01\Debug\delay.r30 )
@ DS28E01-100 ( E:\zla_git\zhongjie_si\zhongjie\v01\v01\Debug\DS28E01-100.r30 )
@ easystep ( E:\zla_git\zhongjie_si\zhongjie\v01\v01\Debug\easystep.r30 )
@ iic_bus_eeprom ( E:\zla_git\zhongjie_si\zhongjie\v01\v01\Debug\iic_bus_eeprom.r30 )
@ initial ( E:\zla_git\zhongjie_si\zhongjie\v01\v01\Debug\initial.r30 )
@ inpress_follow_mainmotor ( E:\zla_git\zhongjie_si\zhongjie\v01\v01\Debug\inpress_follow_mainmotor.r30 )
@ M_debug ( E:\zla_git\zhongjie_si\zhongjie\v01\v01\Debug\M_debug.r30 )
@ main ( E:\zla_git\zhongjie_si\zhongjie\v01\v01\Debug\main.r30 )
@ motor ( E:\zla_git\zhongjie_si\zhongjie\v01\v01\Debug\motor.r30 )
@ motor_0830 ( E:\zla_git\zhongjie_si\zhongjie\v01\v01\Debug\motor_0830.r30 )
@ pattern_check ( E:\zla_git\zhongjie_si\zhongjie\v01\v01\Debug\pattern_check.r30 )
@ RC522 ( E:\zla_git\zhongjie_si\zhongjie\v01\v01\Debug\RC522.r30 )
@ servo_para ( E:\zla_git\zhongjie_si\zhongjie\v01\v01\Debug\servo_para.r30 )
@ solenoid ( E:\zla_git\zhongjie_si\zhongjie\v01\v01\Debug\solenoid.r30 )
@ step_motor_drv ( E:\zla_git\zhongjie_si\zhongjie\v01\v01\Debug\step_motor_drv.r30 )
@ system ( E:\zla_git\zhongjie_si\zhongjie\v01\v01\Debug\system.r30 )
@ uart1 ( E:\zla_git\zhongjie_si\zhongjie\v01\v01\Debug\uart1.r30 )
@ variables ( E:\zla_git\zhongjie_si\zhongjie\v01\v01\Debug\variables.r30 )
@ watch ( E:\zla_git\zhongjie_si\zhongjie\v01\v01\Debug\watch.r30 )
@ _f4add ( C:\Renesas\NC30WA\V540R00\lib30\nc30lib.lib )
@ _f4div ( C:\Renesas\NC30WA\V540R00\lib30\nc30lib.lib )
@ _f4le ( C:\Renesas\NC30WA\V540R00\lib30\nc30lib.lib )
@ _f4mul ( C:\Renesas\NC30WA\V540R00\lib30\nc30lib.lib )
@ _f4sub ( C:\Renesas\NC30WA\V540R00\lib30\nc30lib.lib )
@ _f4tof8 ( C:\Renesas\NC30WA\V540R00\lib30\nc30lib.lib )
@ _f4toi4u ( C:\Renesas\NC30WA\V540R00\lib30\nc30lib.lib )
@ _f8add ( C:\Renesas\NC30WA\V540R00\lib30\nc30lib.lib )
@ _f8div ( C:\Renesas\NC30WA\V540R00\lib30\nc30lib.lib )
@ _f8lt ( C:\Renesas\NC30WA\V540R00\lib30\nc30lib.lib )
@ _f8ltor ( C:\Renesas\NC30WA\V540R00\lib30\nc30lib.lib )
@ _f8mul ( C:\Renesas\NC30WA\V540R00\lib30\nc30lib.lib )
@ _f8tof4 ( C:\Renesas\NC30WA\V540R00\lib30\nc30lib.lib )
@ _f8toi4u ( C:\Renesas\NC30WA\V540R00\lib30\nc30lib.lib )
@ _ftol ( C:\Renesas\NC30WA\V540R00\lib30\nc30lib.lib )
@ _i4div ( C:\Renesas\NC30WA\V540R00\lib30\nc30lib.lib )
@ _i4divu ( C:\Renesas\NC30WA\V540R00\lib30\nc30lib.lib )
@ _i4i2div ( C:\Renesas\NC30WA\V540R00\lib30\nc30lib.lib )
@ _i4i2dvu ( C:\Renesas\NC30WA\V540R00\lib30\nc30lib.lib )
@ _i4mulu ( C:\Renesas\NC30WA\V540R00\lib30\nc30lib.lib )
@ _i4tof8 ( C:\Renesas\NC30WA\V540R00\lib30\nc30lib.lib )
@ _i4utof4 ( C:\Renesas\NC30WA\V540R00\lib30\nc30lib.lib )
@ _i4utof8 ( C:\Renesas\NC30WA\V540R00\lib30\nc30lib.lib )
@ _ltof ( C:\Renesas\NC30WA\V540R00\lib30\nc30lib.lib )
@ _mbase ( C:\Renesas\NC30WA\V540R00\lib30\nc30lib.lib )
@ bcopy ( C:\Renesas\NC30WA\V540R00\lib30\nc30lib.lib )
@ bzero ( C:\Renesas\NC30WA\V540R00\lib30\nc30lib.lib )
@ mdata ( C:\Renesas\NC30WA\V540R00\lib30\nc30lib.lib )
@ memcpy ( C:\Renesas\NC30WA\V540R00\lib30\nc30lib.lib )
@ memset ( C:\Renesas\NC30WA\V540R00\lib30\nc30lib.lib )
@ rand ( C:\Renesas\NC30WA\V540R00\lib30\nc30lib.lib )
@ _f4ltor ( C:\Renesas\NC30WA\V540R00\lib30\nc30lib.lib )
@ _f4rtol ( C:\Renesas\NC30WA\V540R00\lib30\nc30lib.lib )
@ _f8rtol ( C:\Renesas\NC30WA\V540R00\lib30\nc30lib.lib )

##########################################
# (7) LOCAL EQU SYMBOL INFORMATION       #
##########################################
@ ncrt0 ( E:\zla_git\zhongjie_si\zhongjie\v01\v01\Debug\ncrt0.r30 )
@ action ( E:\zla_git\zhongjie_si\zhongjie\v01\v01\Debug\action.r30 )
@ communication ( E:\zla_git\zhongjie_si\zhongjie\v01\v01\Debug\communication.r30 )
@ ctmotor ( E:\zla_git\zhongjie_si\zhongjie\v01\v01\Debug\ctmotor.r30 )
@ delay ( E:\zla_git\zhongjie_si\zhongjie\v01\v01\Debug\delay.r30 )
@ DS28E01-100 ( E:\zla_git\zhongjie_si\zhongjie\v01\v01\Debug\DS28E01-100.r30 )
@ easystep ( E:\zla_git\zhongjie_si\zhongjie\v01\v01\Debug\easystep.r30 )
@ iic_bus_eeprom ( E:\zla_git\zhongjie_si\zhongjie\v01\v01\Debug\iic_bus_eeprom.r30 )
@ initial ( E:\zla_git\zhongjie_si\zhongjie\v01\v01\Debug\initial.r30 )
@ inpress_follow_mainmotor ( E:\zla_git\zhongjie_si\zhongjie\v01\v01\Debug\inpress_follow_mainmotor.r30 )
@ M_debug ( E:\zla_git\zhongjie_si\zhongjie\v01\v01\Debug\M_debug.r30 )
@ main ( E:\zla_git\zhongjie_si\zhongjie\v01\v01\Debug\main.r30 )
@ motor ( E:\zla_git\zhongjie_si\zhongjie\v01\v01\Debug\motor.r30 )
@ motor_0830 ( E:\zla_git\zhongjie_si\zhongjie\v01\v01\Debug\motor_0830.r30 )
@ pattern_check ( E:\zla_git\zhongjie_si\zhongjie\v01\v01\Debug\pattern_check.r30 )
@ RC522 ( E:\zla_git\zhongjie_si\zhongjie\v01\v01\Debug\RC522.r30 )
@ servo_para ( E:\zla_git\zhongjie_si\zhongjie\v01\v01\Debug\servo_para.r30 )
@ solenoid ( E:\zla_git\zhongjie_si\zhongjie\v01\v01\Debug\solenoid.r30 )
@ step_motor_drv ( E:\zla_git\zhongjie_si\zhongjie\v01\v01\Debug\step_motor_drv.r30 )
@ system ( E:\zla_git\zhongjie_si\zhongjie\v01\v01\Debug\system.r30 )
@ uart1 ( E:\zla_git\zhongjie_si\zhongjie\v01\v01\Debug\uart1.r30 )
@ variables ( E:\zla_git\zhongjie_si\zhongjie\v01\v01\Debug\variables.r30 )
@ watch ( E:\zla_git\zhongjie_si\zhongjie\v01\v01\Debug\watch.r30 )
@ _f4add ( C:\Renesas\NC30WA\V540R00\lib30\nc30lib.lib )
@ _f4div ( C:\Renesas\NC30WA\V540R00\lib30\nc30lib.lib )
@ _f4le ( C:\Renesas\NC30WA\V540R00\lib30\nc30lib.lib )
@ _f4mul ( C:\Renesas\NC30WA\V540R00\lib30\nc30lib.lib )
@ _f4sub ( C:\Renesas\NC30WA\V540R00\lib30\nc30lib.lib )
@ _f4tof8 ( C:\Renesas\NC30WA\V540R00\lib30\nc30lib.lib )
@ _f4toi4u ( C:\Renesas\NC30WA\V540R00\lib30\nc30lib.lib )
@ _f8add ( C:\Renesas\NC30WA\V540R00\lib30\nc30lib.lib )
@ _f8div ( C:\Renesas\NC30WA\V540R00\lib30\nc30lib.lib )
@ _f8lt ( C:\Renesas\NC30WA\V540R00\lib30\nc30lib.lib )
@ _f8ltor ( C:\Renesas\NC30WA\V540R00\lib30\nc30lib.lib )
@ _f8mul ( C:\Renesas\NC30WA\V540R00\lib30\nc30lib.lib )
@ _f8tof4 ( C:\Renesas\NC30WA\V540R00\lib30\nc30lib.lib )
@ _f8toi4u ( C:\Renesas\NC30WA\V540R00\lib30\nc30lib.lib )
@ _ftol ( C:\Renesas\NC30WA\V540R00\lib30\nc30lib.lib )
@ _i4div ( C:\Renesas\NC30WA\V540R00\lib30\nc30lib.lib )
@ _i4divu ( C:\Renesas\NC30WA\V540R00\lib30\nc30lib.lib )
@ _i4i2div ( C:\Renesas\NC30WA\V540R00\lib30\nc30lib.lib )
@ _i4i2dvu ( C:\Renesas\NC30WA\V540R00\lib30\nc30lib.lib )
@ _i4mulu ( C:\Renesas\NC30WA\V540R00\lib30\nc30lib.lib )
@ _i4tof8 ( C:\Renesas\NC30WA\V540R00\lib30\nc30lib.lib )
@ _i4utof4 ( C:\Renesas\NC30WA\V540R00\lib30\nc30lib.lib )
@ _i4utof8 ( C:\Renesas\NC30WA\V540R00\lib30\nc30lib.lib )
@ _ltof ( C:\Renesas\NC30WA\V540R00\lib30\nc30lib.lib )
@ _mbase ( C:\Renesas\NC30WA\V540R00\lib30\nc30lib.lib )
@ bcopy ( C:\Renesas\NC30WA\V540R00\lib30\nc30lib.lib )
@ bzero ( C:\Renesas\NC30WA\V540R00\lib30\nc30lib.lib )
@ mdata ( C:\Renesas\NC30WA\V540R00\lib30\nc30lib.lib )
@ memcpy ( C:\Renesas\NC30WA\V540R00\lib30\nc30lib.lib )
@ memset ( C:\Renesas\NC30WA\V540R00\lib30\nc30lib.lib )
@ rand ( C:\Renesas\NC30WA\V540R00\lib30\nc30lib.lib )
@ _f4ltor ( C:\Renesas\NC30WA\V540R00\lib30\nc30lib.lib )
@ _f4rtol ( C:\Renesas\NC30WA\V540R00\lib30\nc30lib.lib )
@ _f8rtol ( C:\Renesas\NC30WA\V540R00\lib30\nc30lib.lib )

##########################################
# (8) LOCAL EQU BIT-SYMBOL INFORMATION   #
##########################################
@ ncrt0 ( E:\zla_git\zhongjie_si\zhongjie\v01\v01\Debug\ncrt0.r30 )
@ action ( E:\zla_git\zhongjie_si\zhongjie\v01\v01\Debug\action.r30 )
@ communication ( E:\zla_git\zhongjie_si\zhongjie\v01\v01\Debug\communication.r30 )
@ ctmotor ( E:\zla_git\zhongjie_si\zhongjie\v01\v01\Debug\ctmotor.r30 )
@ delay ( E:\zla_git\zhongjie_si\zhongjie\v01\v01\Debug\delay.r30 )
@ DS28E01-100 ( E:\zla_git\zhongjie_si\zhongjie\v01\v01\Debug\DS28E01-100.r30 )
@ easystep ( E:\zla_git\zhongjie_si\zhongjie\v01\v01\Debug\easystep.r30 )
@ iic_bus_eeprom ( E:\zla_git\zhongjie_si\zhongjie\v01\v01\Debug\iic_bus_eeprom.r30 )
@ initial ( E:\zla_git\zhongjie_si\zhongjie\v01\v01\Debug\initial.r30 )
@ inpress_follow_mainmotor ( E:\zla_git\zhongjie_si\zhongjie\v01\v01\Debug\inpress_follow_mainmotor.r30 )
@ M_debug ( E:\zla_git\zhongjie_si\zhongjie\v01\v01\Debug\M_debug.r30 )
@ main ( E:\zla_git\zhongjie_si\zhongjie\v01\v01\Debug\main.r30 )
@ motor ( E:\zla_git\zhongjie_si\zhongjie\v01\v01\Debug\motor.r30 )
@ motor_0830 ( E:\zla_git\zhongjie_si\zhongjie\v01\v01\Debug\motor_0830.r30 )
@ pattern_check ( E:\zla_git\zhongjie_si\zhongjie\v01\v01\Debug\pattern_check.r30 )
@ RC522 ( E:\zla_git\zhongjie_si\zhongjie\v01\v01\Debug\RC522.r30 )
@ servo_para ( E:\zla_git\zhongjie_si\zhongjie\v01\v01\Debug\servo_para.r30 )
@ solenoid ( E:\zla_git\zhongjie_si\zhongjie\v01\v01\Debug\solenoid.r30 )
@ step_motor_drv ( E:\zla_git\zhongjie_si\zhongjie\v01\v01\Debug\step_motor_drv.r30 )
@ system ( E:\zla_git\zhongjie_si\zhongjie\v01\v01\Debug\system.r30 )
@ uart1 ( E:\zla_git\zhongjie_si\zhongjie\v01\v01\Debug\uart1.r30 )
@ variables ( E:\zla_git\zhongjie_si\zhongjie\v01\v01\Debug\variables.r30 )
@ watch ( E:\zla_git\zhongjie_si\zhongjie\v01\v01\Debug\watch.r30 )
@ _f4add ( C:\Renesas\NC30WA\V540R00\lib30\nc30lib.lib )
@ _f4div ( C:\Renesas\NC30WA\V540R00\lib30\nc30lib.lib )
@ _f4le ( C:\Renesas\NC30WA\V540R00\lib30\nc30lib.lib )
@ _f4mul ( C:\Renesas\NC30WA\V540R00\lib30\nc30lib.lib )
@ _f4sub ( C:\Renesas\NC30WA\V540R00\lib30\nc30lib.lib )
@ _f4tof8 ( C:\Renesas\NC30WA\V540R00\lib30\nc30lib.lib )
@ _f4toi4u ( C:\Renesas\NC30WA\V540R00\lib30\nc30lib.lib )
@ _f8add ( C:\Renesas\NC30WA\V540R00\lib30\nc30lib.lib )
@ _f8div ( C:\Renesas\NC30WA\V540R00\lib30\nc30lib.lib )
@ _f8lt ( C:\Renesas\NC30WA\V540R00\lib30\nc30lib.lib )
@ _f8ltor ( C:\Renesas\NC30WA\V540R00\lib30\nc30lib.lib )
@ _f8mul ( C:\Renesas\NC30WA\V540R00\lib30\nc30lib.lib )
@ _f8tof4 ( C:\Renesas\NC30WA\V540R00\lib30\nc30lib.lib )
@ _f8toi4u ( C:\Renesas\NC30WA\V540R00\lib30\nc30lib.lib )
@ _ftol ( C:\Renesas\NC30WA\V540R00\lib30\nc30lib.lib )
@ _i4div ( C:\Renesas\NC30WA\V540R00\lib30\nc30lib.lib )
@ _i4divu ( C:\Renesas\NC30WA\V540R00\lib30\nc30lib.lib )
@ _i4i2div ( C:\Renesas\NC30WA\V540R00\lib30\nc30lib.lib )
@ _i4i2dvu ( C:\Renesas\NC30WA\V540R00\lib30\nc30lib.lib )
@ _i4mulu ( C:\Renesas\NC30WA\V540R00\lib30\nc30lib.lib )
@ _i4tof8 ( C:\Renesas\NC30WA\V540R00\lib30\nc30lib.lib )
@ _i4utof4 ( C:\Renesas\NC30WA\V540R00\lib30\nc30lib.lib )
@ _i4utof8 ( C:\Renesas\NC30WA\V540R00\lib30\nc30lib.lib )
@ _ltof ( C:\Renesas\NC30WA\V540R00\lib30\nc30lib.lib )
@ _mbase ( C:\Renesas\NC30WA\V540R00\lib30\nc30lib.lib )
@ bcopy ( C:\Renesas\NC30WA\V540R00\lib30\nc30lib.lib )
@ bzero ( C:\Renesas\NC30WA\V540R00\lib30\nc30lib.lib )
@ mdata ( C:\Renesas\NC30WA\V540R00\lib30\nc30lib.lib )
@ memcpy ( C:\Renesas\NC30WA\V540R00\lib30\nc30lib.lib )
@ memset ( C:\Renesas\NC30WA\V540R00\lib30\nc30lib.lib )
@ rand ( C:\Renesas\NC30WA\V540R00\lib30\nc30lib.lib )
@ _f4ltor ( C:\Renesas\NC30WA\V540R00\lib30\nc30lib.lib )
@ _f4rtol ( C:\Renesas\NC30WA\V540R00\lib30\nc30lib.lib )
@ _f8rtol ( C:\Renesas\NC30WA\V540R00\lib30\nc30lib.lib )

